 TradeX2Demo-M

 Timestamp is 5c54803d (Sat Feb 02 01:22:05 2019)

 Preferred load address is 00400000

 Start         Length     Name                   Class
 0001:00000000 00003be0H .text                   CODE
 0001:00003be0 0000028dH .text$x                 CODE
 0001:00003e70 000000d5H .text$yc                CODE
 0001:00003f50 00000074H .text$yd                CODE
 0002:00000000 00000208H .idata$5                DATA
 0002:00000208 00000004H .CRT$XCA                DATA
 0002:0000020c 00000004H .CRT$XCAA               DATA
 0002:00000210 00000004H .CRT$XCL                DATA
 0002:00000214 00000024H .CRT$XCU                DATA
 0002:00000238 00000004H .CRT$XCZ                DATA
 0002:0000023c 00000004H .CRT$XIA                DATA
 0002:00000240 00000004H .CRT$XIAA               DATA
 0002:00000244 00000004H .CRT$XIC                DATA
 0002:00000248 00000004H .CRT$XIY                DATA
 0002:0000024c 00000004H .CRT$XIZ                DATA
 0002:00000250 000010c0H .rdata                  DATA
 0002:00001310 00000078H .rdata$debug            DATA
 0002:00001388 0000017cH .rdata$r                DATA
 0002:00001510 00000028H .rdata$sxdata           DATA
 0002:00001538 00000004H .rtc$IAA                DATA
 0002:0000153c 00000004H .rtc$IZZ                DATA
 0002:00001540 00000004H .rtc$TAA                DATA
 0002:00001544 00000004H .rtc$TZZ                DATA
 0002:00001548 000003c8H .xdata$x                DATA
 0002:00001910 00000050H .idata$2                DATA
 0002:00001960 00000014H .idata$3                DATA
 0002:00001974 00000208H .idata$4                DATA
 0002:00001b7c 00000e2eH .idata$6                DATA
 0002:000029aa 00000000H .edata                  DATA
 0003:00000000 00000220H .data                   DATA
 0003:00000220 00000700H .bss                    DATA
 0004:00000000 00000058H .rsrc$01                DATA
 0004:00000060 00000180H .rsrc$02                DATA

  Address         Publics by Value              Rva+Base       Lib:Object

 0000:00000000       __except_list              00000000     <absolute>
 0000:0000000a       ___safe_se_handler_count   0000000a     <absolute>
 0000:00009876       __ldused                   00009876     <absolute>
 0000:00009876       __fltused                  00009876     <absolute>
 0000:00000000       ___ImageBase               00400000     <linker-defined>
 0001:00000000       ??_E_Generic_error_category@std@@UAEPAXI@Z 00401000 f i * CIL library *:* CIL module *
 0001:00000000       ??_E_Iostream_error_category@std@@UAEPAXI@Z 00401000 f i * CIL library *:* CIL module *
 0001:00000000       ??_G_Iostream_error_category@std@@UAEPAXI@Z 00401000 f i ExHqBatchTest.obj
 0001:00000000       ??_G_System_error_category@std@@UAEPAXI@Z 00401000 f i ExHqBatchTest.obj
 0001:00000000       ??_G_Generic_error_category@std@@UAEPAXI@Z 00401000 f i ExHqBatchTest.obj
 0001:00000000       ??_E_System_error_category@std@@UAEPAXI@Z 00401000 f i * CIL library *:* CIL module *
 0001:00000000       ??_Gerror_category@std@@UAEPAXI@Z 00401000 f i ExHqBatchTest.obj
 0001:00000000       ??_Eerror_category@std@@UAEPAXI@Z 00401000 f i * CIL library *:* CIL module *
 0001:00000030       ?default_error_condition@error_category@std@@UBE?AVerror_condition@2@H@Z 00401030 f i ExHqBatchTest.obj
 0001:00000050       ?equivalent@error_category@std@@UBE_NHABVerror_condition@2@@Z 00401050 f i ExHqBatchTest.obj
 0001:00000090       ?equivalent@error_category@std@@UBE_NABVerror_code@2@H@Z 00401090 f i ExHqBatchTest.obj
 0001:000000b0       ?name@_Generic_error_category@std@@UBEPBDXZ 004010b0 f i ExHqBatchTest.obj
 0001:000000c0       ?message@_Generic_error_category@std@@UBE?AV?$basic_string@DU?$char_traits@D@std@@V?$allocator@D@2@@2@H@Z 004010c0 f i ExHqBatchTest.obj
 0001:00000140       ?name@_Iostream_error_category@std@@UBEPBDXZ 00401140 f i ExHqBatchTest.obj
 0001:00000150       ?message@_Iostream_error_category@std@@UBE?AV?$basic_string@DU?$char_traits@D@std@@V?$allocator@D@2@@2@H@Z 00401150 f i ExHqBatchTest.obj
 0001:000001a0       ?name@_System_error_category@std@@UBEPBDXZ 004011a0 f i ExHqBatchTest.obj
 0001:000001b0       ?message@_System_error_category@std@@UBE?AV?$basic_string@DU?$char_traits@D@std@@V?$allocator@D@2@@2@H@Z 004011b0 f i ExHqBatchTest.obj
 0001:00000230       ?default_error_condition@_System_error_category@std@@UBE?AVerror_condition@2@H@Z 00401230 f i ExHqBatchTest.obj
 0001:00000270       ?test_exhq_batch_funcs@@YAHPBDF@Z 00401270 f   ExHqBatchTest.obj
 0001:00000430       ??1?$basic_string@DU?$char_traits@D@std@@V?$allocator@D@2@@std@@QAE@XZ 00401430 f i ExHqBatchTest.obj
 0001:00000460       ??1sentry@?$basic_ostream@DU?$char_traits@D@std@@@std@@QAE@XZ 00401460 f i ExHqBatchTest.obj
 0001:00000490       ?assign@?$basic_string@DU?$char_traits@D@std@@V?$allocator@D@2@@std@@QAEAAV12@PBDI@Z 00401490 f i ExHqBatchTest.obj
 0001:00000590       ??1_Sentry_base@?$basic_istream@DU?$char_traits@D@std@@@std@@QAE@XZ 00401590 f i L2HqTest.obj
 0001:00000590       ??1sentry@?$basic_istream@DU?$char_traits@D@std@@@std@@QAE@XZ 00401590 f i L2HqTest.obj
 0001:00000590       ??1_Sentry_base@?$basic_ostream@DU?$char_traits@D@std@@@std@@QAE@XZ 00401590 f i ExHqBatchTest.obj
 0001:000005b0       ?assign@?$basic_string@DU?$char_traits@D@std@@V?$allocator@D@2@@std@@QAEAAV12@ABV12@II@Z 004015b0 f i ExHqBatchTest.obj
 0001:00000690       ?_Grow@?$basic_string@DU?$char_traits@D@std@@V?$allocator@D@2@@std@@QAE_NI_N@Z 00401690 f i ExHqBatchTest.obj
 0001:000006f0       ?erase@?$basic_string@DU?$char_traits@D@std@@V?$allocator@D@2@@std@@QAEAAV12@II@Z 004016f0 f i ExHqBatchTest.obj
 0001:00000790       ?_Copy@?$basic_string@DU?$char_traits@D@std@@V?$allocator@D@2@@std@@QAEXII@Z 00401790 f i ExHqBatchTest.obj
 0001:000008e0       ?allocate@?$_Wrap_alloc@V?$allocator@D@std@@@std@@QAEPADI@Z 004018e0 f i ExHqBatchTest.obj
 0001:00000910       ??$?6U?$char_traits@D@std@@@std@@YAAAV?$basic_ostream@DU?$char_traits@D@std@@@0@AAV10@PBD@Z 00401910 f i ExHqBatchTest.obj
 0001:00000b20       ?test_hq_batch_funcs@@YAHPBDF@Z 00401b20 f   HqBatchTest.obj
 0001:00000f50       ??1locale@std@@QAE@XZ      00401f50 f i L2HqTest.obj
 0001:00000f80       ?test_l2hq_funcs@@YAHXZ    00401f80 f   L2HqTest.obj
 0001:000011d0       ?test_l2hq_funcs_internal@@YAHPBDF00@Z 004021d0 f   L2HqTest.obj
 0001:00001c50       ??$use_facet@V?$ctype@D@std@@@std@@YAABV?$ctype@D@0@ABVlocale@0@@Z 00402c50 f i L2HqTest.obj
 0001:00001d40       ??$?5DU?$char_traits@D@std@@@std@@YAAAV?$basic_istream@DU?$char_traits@D@std@@@0@AAV10@PAD@Z 00402d40 f i L2HqTest.obj
 0001:00001ef0       ??0CAccountInfo@@QAE@HPBDF0FD0000@Z 00402ef0 f i TradeMultiTest.obj
 0001:00002030       ??1CAccountInfo@@QAE@XZ    00403030 f i TradeMultiTest.obj
 0001:00002120       ??0CTestTdx@@QAE@ABVCAccountInfo@@@Z 00403120 f i TradeMultiTest.obj
 0001:000022d0       ??1CTestTdx@@QAE@XZ        004032d0 f i TradeMultiTest.obj
 0001:00002460       ?XLogin@CTestTdx@@QAE_NXZ  00403460 f i TradeMultiTest.obj
 0001:000025b0       ?XLogoff@CTestTdx@@QAEXXZ  004035b0 f i TradeMultiTest.obj
 0001:00002650       ?test_trade_multi_funcs@@YAHXZ 00403650 f   TradeMultiTest.obj
 0001:00002a40       ??1?$vector@PAVCTestTdx@@V?$allocator@PAVCTestTdx@@@std@@@std@@QAE@XZ 00403a40 f i TradeMultiTest.obj
 0001:00002a70       ?resize@?$vector@PAVCTestTdx@@V?$allocator@PAVCTestTdx@@@std@@@std@@QAEXI@Z 00403a70 f i TradeMultiTest.obj
 0001:00002b00       ?_Reserve@?$vector@PAVCTestTdx@@V?$allocator@PAVCTestTdx@@@std@@@std@@IAEXI@Z 00403b00 f i TradeMultiTest.obj
 0001:00002b80       ?_Reallocate@?$vector@PAVCTestTdx@@V?$allocator@PAVCTestTdx@@@std@@@std@@IAEXI@Z 00403b80 f i TradeMultiTest.obj
 0001:00002c00       ??$?6DU?$char_traits@D@std@@V?$allocator@D@1@@std@@YAAAV?$basic_ostream@DU?$char_traits@D@std@@@0@AAV10@ABV?$basic_string@DU?$char_traits@D@std@@V?$allocator@D@2@@0@@Z 00403c00 f i TradeMultiTest.obj
 0001:00002dc0       _main                      00403dc0 f   TradeXDemo-M.obj
 0001:000031f0       ??_U@YAPAXI@Z              004041f0 f   msvcprt:newaop_s.obj
 0001:000031f9       ??1_Fac_node@std@@QAE@XZ   004041f9 f i msvcprt:locale0_implib.obj
 0001:0000320e       ??1_Fac_tidy_reg_t@std@@QAE@XZ 0040420e f i msvcprt:locale0_implib.obj
 0001:00003232       ?_Facet_Register@std@@YAXPAV_Facet_base@1@@Z 00404232 f   msvcprt:locale0_implib.obj
 0001:0000325a       @__security_check_cookie@4 0040425a f   MSVCRT:secchk.obj
 0001:0000326a       ??3@YAXPAX@Z               0040426a f   MSVCRT:MSVCR110.dll
 0001:00003270       ??_Etype_info@@UAEPAXI@Z   00404270 f i MSVCRT:ti_inst.obj
 0001:000032ba       ??2@YAPAXI@Z               004042ba f   MSVCRT:MSVCR110.dll
 0001:000032c0       ___atonexitinit            004042c0 f   MSVCRT:atonexit.obj
 0001:000032fc       __onexit                   004042fc f   MSVCRT:atonexit.obj
 0001:000033a1       _atexit                    004043a1 f   MSVCRT:atonexit.obj
 0001:000033b6       __purecall                 004043b6 f   MSVCRT:MSVCR110.dll
 0001:000033bc       ??0exception@std@@QAE@ABV01@@Z 004043bc f   MSVCRT:MSVCR110.dll
 0001:000033c2       ??0bad_cast@std@@QAE@ABV01@@Z 004043c2 f   MSVCRT:MSVCR110.dll
 0001:000033c8       ??1bad_cast@std@@UAE@XZ    004043c8 f   MSVCRT:MSVCR110.dll
 0001:00003637       _mainCRTStartup            00404637 f   MSVCRT:crtexe.obj
 0001:00003641       ___raise_securityfailure   00404641 f   MSVCRT:gs_report.obj
 0001:0000367e       ___report_gsfailure        0040467e f   MSVCRT:gs_report.obj
 0001:00003777       ??_M@YGXPAXIHP6EX0@Z@Z     00404777 f   MSVCRT:ehvecdtr.obj
 0001:000037e6       ?__ArrayUnwind@@YGXPAXIHP6EX0@Z@Z 004047e6 f   MSVCRT:ehvecdtr.obj
 0001:00003844       ??1type_info@@UAE@XZ       00404844 f   MSVCRT:MSVCR110.dll
 0001:0000384a       __lock                     0040484a f   MSVCRT:MSVCR110.dll
 0001:00003850       __unlock                   00404850 f   MSVCRT:MSVCR110.dll
 0001:00003856       ___dllonexit               00404856 f   MSVCRT:MSVCR110.dll
 0001:00003860       __SEH_prolog4              00404860 f   MSVCRT:sehprolg4.obj
 0001:000038a5       __SEH_epilog4              004048a5 f   MSVCRT:sehprolg4.obj
 0001:000038b9       __except_handler4          004048b9 f   MSVCRT:chandler4gs.obj
 0001:000038dc       ?__CxxUnhandledExceptionFilter@@YGJPAU_EXCEPTION_POINTERS@@@Z 004048dc f   MSVCRT:unhandld.obj
 0001:0000391d       ___CxxSetUnhandledExceptionFilter 0040491d f   MSVCRT:unhandld.obj
 0001:0000392c       __XcptFilter               0040492c f   MSVCRT:MSVCR110.dll
 0001:00003932       __amsg_exit                00404932 f   MSVCRT:MSVCR110.dll
 0001:00003938       __setargv                  00404938 f   MSVCRT:dllargv.obj
 0001:00003938       __matherr                  00404938 f   MSVCRT:merr.obj
 0001:00003940       __FindPESection            00404940 f   MSVCRT:pesect.obj
 0001:00003990       __IsNonwritableInCurrentImage 00404990 f   MSVCRT:pesect.obj
 0001:00003a50       __ValidateImageBase        00404a50 f   MSVCRT:pesect.obj
 0001:00003a81       ___security_init_cookie    00404a81 f   MSVCRT:gs_support.obj
 0001:00003b1b       __RTC_Initialize           00404b1b f   MSVCRT:initsect.obj
 0001:00003b3b       __RTC_Terminate            00404b3b f   MSVCRT:initsect.obj
 0001:00003b5b       __setdefaultprecision      00404b5b f   MSVCRT:fp8.obj
 0001:00003b82       __initterm_e               00404b82 f   MSVCRT:MSVCR110.dll
 0001:00003b88       __initterm                 00404b88 f   MSVCRT:MSVCR110.dll
 0001:00003b8e       __crt_debugger_hook        00404b8e f   MSVCRT:MSVCR110.dll
 0001:00003b94       ___crtUnhandledException   00404b94 f   MSVCRT:MSVCR110.dll
 0001:00003b9a       ___crtTerminateProcess     00404b9a f   MSVCRT:MSVCR110.dll
 0001:00003ba0       ?terminate@@YAXXZ          00404ba0 f   MSVCRT:MSVCR110.dll
 0001:00003ba6       __except_handler4_common   00404ba6 f   MSVCRT:MSVCR110.dll
 0001:00003bac       ___crtSetUnhandledExceptionFilter 00404bac f   MSVCRT:MSVCR110.dll
 0001:00003bb2       __invoke_watson            00404bb2 f   MSVCRT:MSVCR110.dll
 0001:00003bb8       __controlfp_s              00404bb8 f   MSVCRT:MSVCR110.dll
 0001:00003bbe       _IsProcessorFeaturePresent@4 00404bbe f   kernel32:KERNEL32.dll
 0001:00003bc4       __CxxThrowException@8      00404bc4 f   MSVCRT:MSVCR110.dll
 0001:00003bca       ___CxxFrameHandler3        00404bca f   MSVCRT:MSVCR110.dll
 0001:00003bd0       _memcpy                    00404bd0 f   MSVCRT:MSVCR110.dll
 0001:00003bd6       _memset                    00404bd6 f   MSVCRT:MSVCR110.dll
 0002:00000000       __imp__GetSystemTimeAsFileTime@4 00405000     kernel32:KERNEL32.dll
 0002:00000004       __imp__DecodePointer@4     00405004     kernel32:KERNEL32.dll
 0002:00000008       __imp__IsDebuggerPresent@0 00405008     kernel32:KERNEL32.dll
 0002:0000000c       __imp__IsProcessorFeaturePresent@4 0040500c     kernel32:KERNEL32.dll
 0002:00000010       __imp__GetTickCount64@0    00405010     kernel32:KERNEL32.dll
 0002:00000014       __imp__EncodePointer@4     00405014     kernel32:KERNEL32.dll
 0002:00000018       __imp__GetCurrentThreadId@0 00405018     kernel32:KERNEL32.dll
 0002:0000001c       __imp__QueryPerformanceCounter@4 0040501c     kernel32:KERNEL32.dll
 0002:00000020       \177KERNEL32_NULL_THUNK_DATA 00405020     kernel32:KERNEL32.dll
 0002:00000024       __imp_?id@?$ctype@D@std@@2V0locale@2@A 00405024     msvcprt:MSVCP110.dll
 0002:00000028       __imp_??6?$basic_ostream@DU?$char_traits@D@std@@@std@@QAEAAV01@_N@Z 00405028     msvcprt:MSVCP110.dll
 0002:0000002c       __imp_??6?$basic_ostream@DU?$char_traits@D@std@@@std@@QAEAAV01@H@Z 0040502c     msvcprt:MSVCP110.dll
 0002:00000030       __imp_??Bid@locale@std@@QAEIXZ 00405030     msvcprt:MSVCP110.dll
 0002:00000034       __imp_?_Getcat@?$ctype@D@std@@SAIPAPBVfacet@locale@2@PBV42@@Z 00405034     msvcprt:MSVCP110.dll
 0002:00000038       __imp_?getloc@ios_base@std@@QBE?AVlocale@2@XZ 00405038     msvcprt:MSVCP110.dll
 0002:0000003c       __imp_?sgetc@?$basic_streambuf@DU?$char_traits@D@std@@@std@@QAEHXZ 0040503c     msvcprt:MSVCP110.dll
 0002:00000040       __imp_?snextc@?$basic_streambuf@DU?$char_traits@D@std@@@std@@QAEHXZ 00405040     msvcprt:MSVCP110.dll
 0002:00000044       __imp_??6?$basic_ostream@DU?$char_traits@D@std@@@std@@QAEAAV01@F@Z 00405044     msvcprt:MSVCP110.dll
 0002:00000048       __imp_??5?$basic_istream@DU?$char_traits@D@std@@@std@@QAEAAV01@AAH@Z 00405048     msvcprt:MSVCP110.dll
 0002:0000004c       __imp_?get@?$basic_istream@DU?$char_traits@D@std@@@std@@QAEHXZ 0040504c     msvcprt:MSVCP110.dll
 0002:00000050       __imp_?_Ipfx@?$basic_istream@DU?$char_traits@D@std@@@std@@QAE_N_N@Z 00405050     msvcprt:MSVCP110.dll
 0002:00000054       __imp_?cin@std@@3V?$basic_istream@DU?$char_traits@D@std@@@1@A 00405054     msvcprt:MSVCP110.dll
 0002:00000058       __imp_?_Getgloballocale@locale@std@@CAPAV_Locimp@12@XZ 00405058     msvcprt:MSVCP110.dll
 0002:0000005c       __imp_??1_Lockit@std@@QAE@XZ 0040505c     msvcprt:MSVCP110.dll
 0002:00000060       __imp_??0_Lockit@std@@QAE@H@Z 00405060     msvcprt:MSVCP110.dll
 0002:00000064       __imp_?endl@std@@YAAAV?$basic_ostream@DU?$char_traits@D@std@@@1@AAV21@@Z 00405064     msvcprt:MSVCP110.dll
 0002:00000068       __imp_?setstate@?$basic_ios@DU?$char_traits@D@std@@@std@@QAEXH_N@Z 00405068     msvcprt:MSVCP110.dll
 0002:0000006c       __imp_??6?$basic_ostream@DU?$char_traits@D@std@@@std@@QAEAAV01@P6AAAV01@AAV01@@Z@Z 0040506c     msvcprt:MSVCP110.dll
 0002:00000070       __imp_?flush@?$basic_ostream@DU?$char_traits@D@std@@@std@@QAEAAV12@XZ 00405070     msvcprt:MSVCP110.dll
 0002:00000074       __imp_?sputc@?$basic_streambuf@DU?$char_traits@D@std@@@std@@QAEHD@Z 00405074     msvcprt:MSVCP110.dll
 0002:00000078       __imp_?_Osfx@?$basic_ostream@DU?$char_traits@D@std@@@std@@QAEXXZ 00405078     msvcprt:MSVCP110.dll
 0002:0000007c       __imp_?sputn@?$basic_streambuf@DU?$char_traits@D@std@@@std@@QAE_JPBD_J@Z 0040507c     msvcprt:MSVCP110.dll
 0002:00000080       __imp_?_Xbad_alloc@std@@YAXXZ 00405080     msvcprt:MSVCP110.dll
 0002:00000084       __imp_?_Xlength_error@std@@YAXPBD@Z 00405084     msvcprt:MSVCP110.dll
 0002:00000088       __imp_?_Syserror_map@std@@YAPBDH@Z 00405088     msvcprt:MSVCP110.dll
 0002:0000008c       __imp_?_Winerror_map@std@@YAPBDH@Z 0040508c     msvcprt:MSVCP110.dll
 0002:00000090       __imp_?cout@std@@3V?$basic_ostream@DU?$char_traits@D@std@@@1@A 00405090     msvcprt:MSVCP110.dll
 0002:00000094       __imp_?uncaught_exception@std@@YA_NXZ 00405094     msvcprt:MSVCP110.dll
 0002:00000098       __imp_?_Xout_of_range@std@@YAXPBD@Z 00405098     msvcprt:MSVCP110.dll
 0002:0000009c       \177MSVCP110_NULL_THUNK_DATA 0040509c     msvcprt:MSVCP110.dll
 0002:000000a0       __imp_??0bad_cast@std@@QAE@ABV01@@Z 004050a0     MSVCRT:MSVCR110.dll
 0002:000000a4       __imp_??_V@YAXPAX@Z        004050a4     MSVCRT:MSVCR110.dll
 0002:000000a8       __imp_??1type_info@@UAE@XZ 004050a8     MSVCRT:MSVCR110.dll
 0002:000000ac       __imp___lock               004050ac     MSVCRT:MSVCR110.dll
 0002:000000b0       __imp___unlock             004050b0     MSVCRT:MSVCR110.dll
 0002:000000b4       __imp___calloc_crt         004050b4     MSVCRT:MSVCR110.dll
 0002:000000b8       __imp____dllonexit         004050b8     MSVCRT:MSVCR110.dll
 0002:000000bc       __imp___onexit             004050bc     MSVCRT:MSVCR110.dll
 0002:000000c0       __imp___XcptFilter         004050c0     MSVCRT:MSVCR110.dll
 0002:000000c4       __imp___amsg_exit          004050c4     MSVCRT:MSVCR110.dll
 0002:000000c8       __imp____getmainargs       004050c8     MSVCRT:MSVCR110.dll
 0002:000000cc       __imp____set_app_type      004050cc     MSVCRT:MSVCR110.dll
 0002:000000d0       __imp__exit                004050d0     MSVCRT:MSVCR110.dll
 0002:000000d4       __imp___exit               004050d4     MSVCRT:MSVCR110.dll
 0002:000000d8       __imp___cexit              004050d8     MSVCRT:MSVCR110.dll
 0002:000000dc       __imp___configthreadlocale 004050dc     MSVCRT:MSVCR110.dll
 0002:000000e0       __imp____setusermatherr    004050e0     MSVCRT:MSVCR110.dll
 0002:000000e4       __imp___initterm_e         004050e4     MSVCRT:MSVCR110.dll
 0002:000000e8       __imp___initterm           004050e8     MSVCRT:MSVCR110.dll
 0002:000000ec       __imp__memset              004050ec     MSVCRT:MSVCR110.dll
 0002:000000f0       __imp____initenv           004050f0     MSVCRT:MSVCR110.dll
 0002:000000f4       __imp___fmode              004050f4     MSVCRT:MSVCR110.dll
 0002:000000f8       __imp___commode            004050f8     MSVCRT:MSVCR110.dll
 0002:000000fc       __imp___crt_debugger_hook  004050fc     MSVCRT:MSVCR110.dll
 0002:00000100       __imp____crtUnhandledException 00405100     MSVCRT:MSVCR110.dll
 0002:00000104       __imp____crtTerminateProcess 00405104     MSVCRT:MSVCR110.dll
 0002:00000108       __imp_?terminate@@YAXXZ    00405108     MSVCRT:MSVCR110.dll
 0002:0000010c       __imp___except_handler4_common 0040510c     MSVCRT:MSVCR110.dll
 0002:00000110       __imp____crtSetUnhandledExceptionFilter 00405110     MSVCRT:MSVCR110.dll
 0002:00000114       __imp___invoke_watson      00405114     MSVCRT:MSVCR110.dll
 0002:00000118       __imp___controlfp_s        00405118     MSVCRT:MSVCR110.dll
 0002:0000011c       __imp___CxxThrowException@8 0040511c     MSVCRT:MSVCR110.dll
 0002:00000120       __imp____CxxFrameHandler3  00405120     MSVCRT:MSVCR110.dll
 0002:00000124       __imp__memcpy              00405124     MSVCRT:MSVCR110.dll
 0002:00000128       __imp_??1bad_cast@std@@UAE@XZ 00405128     MSVCRT:MSVCR110.dll
 0002:0000012c       __imp_??3@YAXPAX@Z         0040512c     MSVCRT:MSVCR110.dll
 0002:00000130       __imp__memmove             00405130     MSVCRT:MSVCR110.dll
 0002:00000134       __imp_??2@YAPAXI@Z         00405134     MSVCRT:MSVCR110.dll
 0002:00000138       __imp__getchar             00405138     MSVCRT:MSVCR110.dll
 0002:0000013c       __imp___purecall           0040513c     MSVCRT:MSVCR110.dll
 0002:00000140       __imp_??0exception@std@@QAE@ABV01@@Z 00405140     MSVCRT:MSVCR110.dll
 0002:00000144       __imp__printf              00405144     MSVCRT:MSVCR110.dll
 0002:00000148       __imp__fflush              00405148     MSVCRT:MSVCR110.dll
 0002:0000014c       __imp____iob_func          0040514c     MSVCRT:MSVCR110.dll
 0002:00000150       __imp_??0bad_cast@std@@QAE@PBD@Z 00405150     MSVCRT:MSVCR110.dll
 0002:00000154       \177MSVCR110_NULL_THUNK_DATA 00405154     MSVCRT:MSVCR110.dll
 0002:00000158       __imp__CloseTdx@0          00405158     TradeX2-M:TradeX2-M.dll
 0002:0000015c       __imp__QueryMultiAccountsDatas@20 0040515c     TradeX2-M:TradeX2-M.dll
 0002:00000160       __imp__QueryDatas@24       00405160     TradeX2-M:TradeX2-M.dll
 0002:00000164       __imp__OpenTdx@20          00405164     TradeX2-M:TradeX2-M.dll
 0002:00000168       __imp__Logoff@4            00405168     TradeX2-M:TradeX2-M.dll
 0002:0000016c       __imp__IsConnectOK@4       0040516c     TradeX2-M:TradeX2-M.dll
 0002:00000170       __imp__Logon@44            00405170     TradeX2-M:TradeX2-M.dll
 0002:00000174       __imp__TdxL2Hq_Disconnect@4 00405174     TradeX2-M:TradeX2-M.dll
 0002:00000178       __imp__TdxL2Hq_GetFinanceInfo@20 00405178     TradeX2-M:TradeX2-M.dll
 0002:0000017c       __imp__TdxL2Hq_GetXDXRInfo@20 0040517c     TradeX2-M:TradeX2-M.dll
 0002:00000180       __imp__TdxL2Hq_GetCompanyInfoContent@32 00405180     TradeX2-M:TradeX2-M.dll
 0002:00000184       __imp__TdxL2Hq_GetCompanyInfoCategory@20 00405184     TradeX2-M:TradeX2-M.dll
 0002:00000188       __imp__TdxL2Hq_GetHistoryTransactionData@32 00405188     TradeX2-M:TradeX2-M.dll
 0002:0000018c       __imp__TdxL2Hq_GetTransactionData@28 0040518c     TradeX2-M:TradeX2-M.dll
 0002:00000190       __imp__TdxL2Hq_GetHistoryMinuteTimeData@24 00405190     TradeX2-M:TradeX2-M.dll
 0002:00000194       __imp__TdxL2Hq_GetMinuteTimeData@20 00405194     TradeX2-M:TradeX2-M.dll
 0002:00000198       __imp__TdxL2Hq_GetIndexBars@32 00405198     TradeX2-M:TradeX2-M.dll
 0002:0000019c       __imp__TdxL2Hq_GetSecurityBars@32 0040519c     TradeX2-M:TradeX2-M.dll
 0002:000001a0       __imp__TdxL2Hq_GetSecurityQuotes@24 004051a0     TradeX2-M:TradeX2-M.dll
 0002:000001a4       __imp__TdxL2Hq_GetSecurityList@24 004051a4     TradeX2-M:TradeX2-M.dll
 0002:000001a8       __imp__TdxL2Hq_GetSecurityCount@16 004051a8     TradeX2-M:TradeX2-M.dll
 0002:000001ac       __imp__TdxL2Hq_GetBuySellQueue@20 004051ac     TradeX2-M:TradeX2-M.dll
 0002:000001b0       __imp__TdxL2Hq_GetDetailOrderData@28 004051b0     TradeX2-M:TradeX2-M.dll
 0002:000001b4       __imp__TdxL2Hq_GetDetailTransactionData@28 004051b4     TradeX2-M:TradeX2-M.dll
 0002:000001b8       __imp__TdxL2Hq_GetSecurityQuotes10@24 004051b8     TradeX2-M:TradeX2-M.dll
 0002:000001bc       __imp__TdxL2Hq_Connect@24  004051bc     TradeX2-M:TradeX2-M.dll
 0002:000001c0       __imp__TdxHq_Disconnect@4  004051c0     TradeX2-M:TradeX2-M.dll
 0002:000001c4       __imp__TdxHq_GetFinanceInfo@20 004051c4     TradeX2-M:TradeX2-M.dll
 0002:000001c8       __imp__TdxHq_GetXDXRInfo@20 004051c8     TradeX2-M:TradeX2-M.dll
 0002:000001cc       __imp__TdxHq_GetCompanyInfoContent@32 004051cc     TradeX2-M:TradeX2-M.dll
 0002:000001d0       __imp__TdxHq_GetCompanyInfoCategory@20 004051d0     TradeX2-M:TradeX2-M.dll
 0002:000001d4       __imp__TdxHq_GetSecurityQuotes@24 004051d4     TradeX2-M:TradeX2-M.dll
 0002:000001d8       __imp__TdxHq_GetHistoryTransactionData@32 004051d8     TradeX2-M:TradeX2-M.dll
 0002:000001dc       __imp__TdxHq_GetTransactionData@28 004051dc     TradeX2-M:TradeX2-M.dll
 0002:000001e0       __imp__TdxHq_GetIndexBars@32 004051e0     TradeX2-M:TradeX2-M.dll
 0002:000001e4       __imp__TdxHq_GetHistoryMinuteTimeData@24 004051e4     TradeX2-M:TradeX2-M.dll
 0002:000001e8       __imp__TdxHq_GetSecurityBars@32 004051e8     TradeX2-M:TradeX2-M.dll
 0002:000001ec       __imp__TdxHq_Connect@16    004051ec     TradeX2-M:TradeX2-M.dll
 0002:000001f0       __imp__TdxExHq_Disconnect@4 004051f0     TradeX2-M:TradeX2-M.dll
 0002:000001f4       __imp__TdxExHq_GetHistoryTransactionData@32 004051f4     TradeX2-M:TradeX2-M.dll
 0002:000001f8       __imp__TdxExHq_GetTransactionData@28 004051f8     TradeX2-M:TradeX2-M.dll
 0002:000001fc       __imp__TdxExHq_GetHistoryMinuteTimeData@24 004051fc     TradeX2-M:TradeX2-M.dll
 0002:00000200       __imp__TdxExHq_Connect@16  00405200     TradeX2-M:TradeX2-M.dll
 0002:00000204       \177TradeX2-M_NULL_THUNK_DATA 00405204     TradeX2-M:TradeX2-M.dll
 0002:00000208       ___xc_a                    00405208     MSVCRT:cinitexe.obj
 0002:00000238       ___xc_z                    00405238     MSVCRT:cinitexe.obj
 0002:0000023c       ___xi_a                    0040523c     MSVCRT:cinitexe.obj
 0002:0000024c       ___xi_z                    0040524c     MSVCRT:cinitexe.obj
 0002:0000028c       ??_7type_info@@6B@         0040528c     MSVCRT:ti_inst.obj
 0002:00000298       ??_C@_07DCLBNMLN@generic?$AA@ 00405298     ExHqBatchTest.obj
 0002:000002a0       ??_C@_0O@BFJCFAAK@unknown?5error?$AA@ 004052a0     ExHqBatchTest.obj
 0002:000002b0       ??_C@_08LLGCOLLL@iostream?$AA@ 004052b0     ExHqBatchTest.obj
 0002:000002bc       ??_C@_0BG@PADBLCHM@iostream?5stream?5error?$AA@ 004052bc     ExHqBatchTest.obj
 0002:000002d4       ??_C@_06FHFOAHML@system?$AA@ 004052d4     ExHqBatchTest.obj
 0002:000002dc       ??_C@_0CH@OIAJINOD@?6?$CK?$CK?$CK?5TdxExHq_GetHistoryMinuteTim@ 004052dc     ExHqBatchTest.obj
 0002:00000304       ??_C@_06OGEKNPGM@600196?$AA@ 00405304     ExHqBatchTest.obj
 0002:0000030c       ??_C@_0CB@HECJEMH@?6?$CK?$CK?$CK?5TdxExHq_GetTransactionData?6@ 0040530c     ExHqBatchTest.obj
 0002:00000330       ??_C@_06FCKHBJJF@IF1702?$AA@ 00405330     ExHqBatchTest.obj
 0002:00000338       ??_C@_0CI@KCKMNDLH@?6?$CK?$CK?$CK?5TdxExHq_GetHistoryTransacti@ 00405338     ExHqBatchTest.obj
 0002:00000360       ??_C@_0BD@JKOGODKF@?R?Q?$LO?$KN?$LG?O?$LP?$KK?P?P?G?i?$LH?$PO?N?q?F?w?$AA@ 00405360     ExHqBatchTest.obj
 0002:00000374       ??_C@_0BI@CFPLBAOH@invalid?5string?5position?$AA@ 00405374     ExHqBatchTest.obj
 0002:0000038c       ??_C@_0BA@JFNIOLAK@string?5too?5long?$AA@ 0040538c     ExHqBatchTest.obj
 0002:000003a0       ??_7_System_error_category@std@@6B@ 004053a0     ExHqBatchTest.obj
 0002:000003bc       ??_7_Iostream_error_category@std@@6B@ 004053bc     ExHqBatchTest.obj
 0002:000003d8       ??_7_Generic_error_category@std@@6B@ 004053d8     ExHqBatchTest.obj
 0002:000003f4       ??_7error_category@std@@6B@ 004053f4     ExHqBatchTest.obj
 0002:0000040c       ??_C@_0BM@GPDHLFKP@?6?$CK?$CK?$CK?5TdxHq_GetSecurityBars?6?$AA@ 0040540c     HqBatchTest.obj
 0002:00000428       ??_C@_0CF@DCKJPDOO@?6?$CK?$CK?$CK?5TdxHq_GetHistoryMinuteTimeD@ 00405428     HqBatchTest.obj
 0002:00000450       ??_C@_0BJ@FABEDCEL@?6?$CK?$CK?$CK?5TdxHq_GetIndexBars?6?$AA@ 00405450     HqBatchTest.obj
 0002:0000046c       ??_C@_06HNLGCAHL@000001?$AA@ 0040546c     HqBatchTest.obj
 0002:00000474       ??_C@_0BP@PFKIOLBK@?6?$CK?$CK?$CK?5TdxHq_GetTransactionData?6?$AA@ 00405474     HqBatchTest.obj
 0002:00000494       ??_C@_0CG@NMMHAPHE@?6?$CK?$CK?$CK?5TdxHq_GetHistoryTransaction@ 00405494     HqBatchTest.obj
 0002:000004bc       ??_C@_0BO@DBEEBCIE@?6?$CK?$CK?$CK?5TdxHq_GetSecurityQuotes?6?$AA@ 004054bc     HqBatchTest.obj
 0002:000004dc       ??_C@_06FDLJKFJ@600030?$AA@ 004054dc     HqBatchTest.obj
 0002:000004e4       ??_C@_0CD@BIDJJEAN@?6?$CK?$CK?$CK?5TdxHq_GetCompanyInfoCategor@ 004054e4     HqBatchTest.obj
 0002:00000508       ??_C@_0CC@LCELPBMH@?6?$CK?$CK?$CK?5TdxHq_GetCompanyInfoContent@ 00405508     HqBatchTest.obj
 0002:0000052c       ??_C@_0L@IBEEEFAN@600030?4txt?$AA@ 0040552c     HqBatchTest.obj
 0002:00000538       ??_C@_0BI@CNEAHNED@?6?$CK?$CK?$CK?5TdxHq_GetXDXRInfo?6?$AA@ 00405538     HqBatchTest.obj
 0002:00000550       ??_C@_0BL@EDOGKGEP@?6?$CK?$CK?$CK?5TdxHq_GetFinanceInfo?6?$AA@ 00405550     HqBatchTest.obj
 0002:0000056c       ??_C@_0BD@FNPOKKPP@?$LI?$NP?$LM?$LG?P?P?G?i_?I?O?$LK?$KD?K?$KL?O?$NP1?$AA@ 0040556c     L2HqTest.obj
 0002:00000580       ??_C@_0N@FGNBNMEC@106?414?476?429?$AA@ 00405580     L2HqTest.obj
 0002:00000590       ??_C@_0BD@HGNDPJDM@?$LI?$NP?$LM?$LG?P?P?G?i_?I?O?$LK?$KD?K?$KL?O?$NP2?$AA@ 00405590     L2HqTest.obj
 0002:000005a4       ??_C@_0BA@HCGPJKMP@139?4196?4174?4113?$AA@ 004055a4     L2HqTest.obj
 0002:000005b4       ??_C@_0BD@GPMIMIHN@?$LI?$NP?$LM?$LG?P?P?G?i_?I?O?$LK?$KD?K?$KL?O?$NP3?$AA@ 004055b4     L2HqTest.obj
 0002:000005c8       ??_C@_0BA@FKMHJAKB@139?4196?4175?4118?$AA@ 004055c8     L2HqTest.obj
 0002:000005d8       ??_C@_0BD@OIBOBCGJ@?$LI?$NP?$LM?$LG?P?P?G?i_?I?O?$LK?$KD?$LF?g?P?E1?$AA@ 004055d8     L2HqTest.obj
 0002:000005ec       ??_C@_0P@FCOGKEJN@61?4152?4107?4173?$AA@ 004055ec     L2HqTest.obj
 0002:000005fc       ??_C@_0BD@MDDDEBKK@?$LI?$NP?$LM?$LG?P?P?G?i_?I?O?$LK?$KD?$LF?g?P?E2?$AA@ 004055fc     L2HqTest.obj
 0002:00000610       ??_C@_0P@MMMHBFAB@61?4152?4168?4232?$AA@ 00405610     L2HqTest.obj
 0002:00000620       ??_C@_0BD@BICFLBFE@?$LI?$NP?$LM?$LG?P?P?G?i_?I?n?$NL?Z?$LF?g?P?E1?$AA@ 00405620     L2HqTest.obj
 0002:00000634       ??_C@_0O@NNLGPPKN@113?4105?473?481?$AA@ 00405634     L2HqTest.obj
 0002:00000644       ??_C@_0BD@DDAIOCJH@?$LI?$NP?$LM?$LG?P?P?G?i_?I?n?$NL?Z?$LF?g?P?E2?$AA@ 00405644     L2HqTest.obj
 0002:00000658       ??_C@_0N@FMAOJNBK@183?43?4223?436?$AA@ 00405658     L2HqTest.obj
 0002:00000668       ??_C@_0BD@CKBDNDNG@?$LI?$NP?$LM?$LG?P?P?G?i_?I?n?$NL?Z?$LF?g?P?E3?$AA@ 00405668     L2HqTest.obj
 0002:0000067c       ??_C@_0P@IHIIABGD@119?4147?486?4172?$AA@ 0040567c     L2HqTest.obj
 0002:0000068c       ??_C@_0BD@KNMFAJMC@?$LI?$NP?$LM?$LG?P?P?G?i_?I?n?$NL?Z?K?$KL?O?$NP1?$AA@ 0040568c     L2HqTest.obj
 0002:000006a0       ??_C@_0O@FNIFIMOJ@112?474?431?4192?$AA@ 004056a0     L2HqTest.obj
 0002:000006b0       ??_C@_0BD@IGOIFKAB@?$LI?$NP?$LM?$LG?P?P?G?i_?I?n?$NL?Z?K?$KL?O?$NP2?$AA@ 004056b0     L2HqTest.obj
 0002:000006c4       ??_C@_0N@GFFFMCKG@120?477?476?411?$AA@ 004056c4     L2HqTest.obj
 0002:000006d4       ??_C@_0BD@JPPDGLEA@?$LI?$NP?$LM?$LG?P?P?G?i_?I?n?$NL?Z?K?$KL?O?$NP3?$AA@ 004056d4     L2HqTest.obj
 0002:000006e8       ??_C@_0N@BLKGOCIN@120?477?476?434?$AA@ 004056e8     L2HqTest.obj
 0002:000006f8       ??_C@_0BD@FBCEHNEC@?$LI?$NP?$LM?$LG?P?P?G?i_?$LG?$KL?$NN?$LI?$LF?g?P?E1?$AA@ 004056f8     L2HqTest.obj
 0002:0000070c       ??_C@_0BA@JPGFIAGG@113?4105?4142?4138?$AA@ 0040570c     L2HqTest.obj
 0002:0000071c       ??_C@_0BD@HKAJCOIB@?$LI?$NP?$LM?$LG?P?P?G?i_?$LG?$KL?$NN?$LI?$LF?g?P?E2?$AA@ 0040571c     L2HqTest.obj
 0002:00000730       ??_C@_0BA@IGHOLBCH@113?4105?4142?4139?$AA@ 00405730     L2HqTest.obj
 0002:00000740       ??_C@_0BD@PICAMMHD@?$LI?$NP?$LM?$LG?P?P?G?i_?N?d?$LK?$LK?$LF?g?P?E1?$AA@ 00405740     L2HqTest.obj
 0002:00000754       ??_C@_0N@CFDIGIKL@119?497?4185?44?$AA@ 00405754     L2HqTest.obj
 0002:00000764       ??_C@_0BD@NDANJPLA@?$LI?$NP?$LM?$LG?P?P?G?i_?N?d?$LK?$LK?$LF?g?P?E2?$AA@ 00405764     L2HqTest.obj
 0002:00000778       ??_C@_0O@MOPGBBJG@119?497?4185?416?$AA@ 00405778     L2HqTest.obj
 0002:00000788       ??_C@_0BC@PBOMFMEB@?$LI?$NP?$LM?$LG?P?P?G?i_?$LB?$LB?$LO?$KJ?A?$KK?M?$KI?$AA@ 00405788     L2HqTest.obj
 0002:0000079c       ??_C@_0O@EKMKNNDC@61?4135?4142?490?$AA@ 0040579c     L2HqTest.obj
 0002:000007ac       ??_C@_0BD@KADLCGGA@?$LI?$NP?$LM?$LG?P?P?G?i_?$LB?$LB?$LO?$KJ?K?$KL?O?$NP1?$AA@ 004057ac     L2HqTest.obj
 0002:000007c0       ??_C@_0BA@GNHAGINP@101?4200?4127?4219?$AA@ 004057c0     L2HqTest.obj
 0002:000007d0       ??_C@_0BD@ILBGHFKD@?$LI?$NP?$LM?$LG?P?P?G?i_?$LB?$LB?$LO?$KJ?K?$KL?O?$NP2?$AA@ 004057d0     L2HqTest.obj
 0002:000007e4       ??_C@_0O@EGAOKGAN@59?4110?461?4176?$AA@ 004057e4     L2HqTest.obj
 0002:000007f4       ??_C@_0BC@HIGDEONJ@?$LI?$NP?$LM?$LG?P?P?G?i_?$LM?C?D?O?A?$KK?M?$KI?$AA@ 004057f4     L2HqTest.obj
 0002:00000808       ??_C@_0BA@LFNOHNDG@123?4129?4245?4202?$AA@ 00405808     L2HqTest.obj
 0002:00000818       ??_C@_0BD@IDIIHJFM@?$LI?$NP?$LM?$LG?P?P?G?i_?$LG?$KL?$NN?$LI?A?$KK?M?$KI1?$AA@ 00405818     L2HqTest.obj
 0002:0000082c       ??_C@_0O@ENEMMFOD@58?4253?496?4198?$AA@ 0040582c     L2HqTest.obj
 0002:0000083c       ??_C@_0BD@KIKFCKJP@?$LI?$NP?$LM?$LG?P?P?G?i_?$LG?$KL?$NN?$LI?A?$KK?M?$KI2?$AA@ 0040583c     L2HqTest.obj
 0002:00000850       ??_C@_0O@JIPBNLIK@58?4253?496?4200?$AA@ 00405850     L2HqTest.obj
 0002:00000860       ??_C@_0O@DALLANNM@?G?k?J?d?$LD?vL2?U?K?$LK?E?3?$AA@ 00405860     L2HqTest.obj
 0002:00000870       ??_C@_0O@KLKMEEFB@?G?k?J?d?$LD?vL2?C?$NM?B?k?3?$AA@ 00405870     L2HqTest.obj
 0002:00000880       ??_C@_0M@NHBOGAIA@?$LH?$PO?N?q?F?w?A?P?$LB?m?3?$AA@ 00405880     L2HqTest.obj
 0002:0000088c       ??_C@_0BD@MEBDIKNA@?$CF3d?5?3?5?$CF?$CL30s?7?$CFs?3?$CFd?6?$AA@ 0040588c     L2HqTest.obj
 0002:000008a0       ??_C@_0BC@GIBJHHAO@?G?k?J?d?H?k?$LH?$PO?N?q?F?w?P?r?$LK?E?3?$AA@ 004058a0     L2HqTest.obj
 0002:000008b4       ??_C@_0BI@PCOHDCM@?$LE?m?N?s?$CB?5?G?k?V?X?P?B?Q?$KB?T?q?$LH?$PO?N?q?F?w?6?$AA@ 004058b4     L2HqTest.obj
 0002:000008cc       ??_C@_01PKGAHCOL@?$CJ?$AA@ 004058cc     L2HqTest.obj
 0002:000008d0       ??_C@_0P@BELIEIIL@?$CJ?0?5L2Password?$CI?$AA@ 004058d0     L2HqTest.obj
 0002:000008e0       ??_C@_09CNLMEDM@?6?7L2User?$CI?$AA@ 004058e0     L2HqTest.obj
 0002:000008ec       ??_C@_0BE@EIFJEFFC@?7L2?$LI?$NP?$LM?$LG?P?P?G?i?$LH?$PO?N?q?F?w?3?5?$AA@ 004058ec     L2HqTest.obj
 0002:00000900       ??_C@_0BE@MHMENGCP@?$LA?$LE?$LL?X?$LD?$LF?$LM?$PM?$LP?$KK?J?$LM?$LC?b?J?T?4?4?4?$AA@ 00405900     L2HqTest.obj
 0002:00000914       ??_C@_0BF@CGNNNHBG@?7?$LA?$LE?$LL?X?$LD?$LF?$LM?$PM?M?K?$LD?v?4?4?4?4?4?4?6?$AA@ 00405914     L2HqTest.obj
 0002:0000092c       ??_C@_0CD@OCEALDHD@?6?$CK?$CK?$CK?5TdxL2Hq_GetSecurityQuotes10@ 0040592c     L2HqTest.obj
 0002:00000950       ??_C@_06HIDLCLHA@600269?$AA@ 00405950     L2HqTest.obj
 0002:00000958       ??_C@_06EPIAECPJ@000003?$AA@ 00405958     L2HqTest.obj
 0002:00000960       ??_C@_0CI@MGJHKHBJ@?6?$CK?$CK?$CK?5TdxL2Hq_GetDetailTransactio@ 00405960     L2HqTest.obj
 0002:00000988       ??_C@_0CC@NGOJDOPH@?6?$CK?$CK?$CK?5TdxL2Hq_GetDetailOrderData?6@ 00405988     L2HqTest.obj
 0002:000009ac       ??_C@_0BP@ICKAPJBL@?6?$CK?$CK?$CK?5TdxL2Hq_GetBuySellQueue?6?6?$AA@ 004059ac     L2HqTest.obj
 0002:000009cc       ??_C@_06BFMIILOO@600300?$AA@ 004059cc     L2HqTest.obj
 0002:000009d4       ??_C@_0BP@NPPGMNOH@?6?$CK?$CK?$CK?5TdxL2Hq_GetSecurityCount?6?$AA@ 004059d4     L2HqTest.obj
 0002:000009f4       ??_C@_06KIJJCAHM@?7?I?n?J?P?$DN?$AA@ 004059f4     L2HqTest.obj
 0002:000009fc       ??_C@_06IGPAJPDO@?7?$LL?$KG?J?P?$DN?$AA@ 004059fc     L2HqTest.obj
 0002:00000a04       ??_C@_0BO@INIHKHMF@?6?$CK?$CK?$CK?5TdxL2Hq_GetSecurityList?6?$AA@ 00405a04     L2HqTest.obj
 0002:00000a24       ??_C@_08GONLEMHC@Count?5?$DN?5?$AA@ 00405a24     L2HqTest.obj
 0002:00000a30       ??_C@_0CA@CPGFBLB@?6?$CK?$CK?$CK?5TdxL2Hq_GetSecurityQuotes?6?$AA@ 00405a30     L2HqTest.obj
 0002:00000a50       ??_C@_0BO@DKAOPMJE@?6?$CK?$CK?$CK?5TdxL2Hq_GetSecurityBars?6?$AA@ 00405a50     L2HqTest.obj
 0002:00000a70       ??_C@_0M@FKCDBJEL@8?9?$DO1?$LH?V?V?SK?O?$NP?$AA@ 00405a70     L2HqTest.obj
 0002:00000a7c       ??_C@_0BO@CNPAGBDL@?6?7?$LC?b?J?T?$LL?$KG?J?P?5600600?5?9?51?$LH?V?V?S?5K?O?$NP?$AA@ 00405a7c     L2HqTest.obj
 0002:00000a9c       ??_C@_0P@MGJMMDMI@?0?5?$LA?$LE?$LL?X?$LD?$LF?$LM?$PM?$LP?$KK?J?$LM?$AA@ 00405a9c     L2HqTest.obj
 0002:00000aac       ??_C@_02NMOLBIHC@?6?7?$AA@ 00405aac     L2HqTest.obj
 0002:00000ab0       ??_C@_06CCBGHLNM@600600?$AA@ 00405ab0     L2HqTest.obj
 0002:00000ab8       ??_C@_0BB@MHJJCBDO@?$LA?$LE?$LL?X?$LD?$LF?$LM?$PM?$LM?L?P?x?5?4?4?4?$AA@ 00405ab8     L2HqTest.obj
 0002:00000acc       ??_C@_0BO@FJLAPFB@?6?7?$LC?b?J?T?I?n?J?P?5000001?5?9?51?$LH?V?V?S?5K?O?$NP?$AA@ 00405acc     L2HqTest.obj
 0002:00000aec       ??_C@_0BL@KGOHPLBP@?6?$CK?$CK?$CK?5TdxL2Hq_GetIndexBars?6?$AA@ 00405aec     L2HqTest.obj
 0002:00000b08       ??_C@_0CG@FNEPBDFL@?6?7?$LC?b?J?T?$LL?$KG?J?P?5?I?O?V?$KE?V?$LI?J?$PN000001?5?9?51?$LH?V?V@ 00405b08     L2HqTest.obj
 0002:00000b30       ??_C@_0BK@ODPLLDNO@?6?7?$LC?b?J?T?$LL?$KG?J?P?5?I?n?V?$KE?$LD?I?V?$LI399001?$AA@ 00405b30     L2HqTest.obj
 0002:00000b4c       ??_C@_06GGEBAJFP@399001?$AA@ 00405b4c     L2HqTest.obj
 0002:00000b54       ??_C@_0CA@LHDGEGKC@?6?$CK?$CK?$CK?5TdxL2Hq_GetMinuteTimeData?6?$AA@ 00405b54     L2HqTest.obj
 0002:00000b74       ??_C@_0CH@MJKHANOC@?6?$CK?$CK?$CK?5TdxL2Hq_GetHistoryMinuteTim@ 00405b74     L2HqTest.obj
 0002:00000b9c       ??_C@_0CB@KDCIJNHK@?6?$CK?$CK?$CK?5TdxL2Hq_GetTransactionData?6@ 00405b9c     L2HqTest.obj
 0002:00000bc0       ??_C@_0CI@NFIKENKB@?6?$CK?$CK?$CK?5TdxL2Hq_GetHistoryTransacti@ 00405bc0     L2HqTest.obj
 0002:00000be8       ??_C@_0CF@MKOIBLGG@?6?$CK?$CK?$CK?5TdxL2Hq_GetCompanyInfoCateg@ 00405be8     L2HqTest.obj
 0002:00000c10       ??_C@_0CE@GOEBGHOB@?6?$CK?$CK?$CK?5TdxL2Hq_GetCompanyInfoConte@ 00405c10     L2HqTest.obj
 0002:00000c34       ??_C@_0BK@GHKPHCJG@?6?$CK?$CK?$CK?5TdxL2Hq_GetXDXRInfo?6?$AA@ 00405c34     L2HqTest.obj
 0002:00000c50       ??_C@_0BN@HPIJLCPI@?6?$CK?$CK?$CK?5TdxL2Hq_GetFinanceInfo?6?$AA@ 00405c50     L2HqTest.obj
 0002:00000c70       ??_C@_08EPJLHIJG@bad?5cast?$AA@ 00405c70     L2HqTest.obj
 0002:00000c79       ??_C@_00CNPNBAHC@?$AA@     00405c79     TradeMultiTest.obj
 0002:00000c7c       ??_C@_06LAHCFKOD@737372?$AA@ 00405c7c     TradeMultiTest.obj
 0002:00000c84       ??_C@_0N@LOHJHPGL@880003767427?$AA@ 00405c84     TradeMultiTest.obj
 0002:00000c94       ??_C@_04FPIJLCGC@8?427?$AA@ 00405c94     TradeMultiTest.obj
 0002:00000c9c       ??_C@_0P@KJHKFLCO@115?4238?490?4116?$AA@ 00405c9c     TradeMultiTest.obj
 0002:00000cac       ??_C@_0O@BCECPJCN@Login?5fail?5?$CB?5?$AA@ 00405cac     TradeMultiTest.obj
 0002:00000cbc       ??_C@_01PPODPGHN@?$DO?$AA@ 00405cbc     TradeMultiTest.obj
 0002:00000cc0       ??_C@_07OOJHFJBF@?5ok?5?$CB?5?$DM?$AA@ 00405cc0     TradeMultiTest.obj
 0002:00000cc8       ??_C@_09BOEEEABM@Login?5to?5?$AA@ 00405cc8     TradeMultiTest.obj
 0002:00000cd4       ??_C@_0O@JDKGOGNM@?7ConnectOK?5?9?5?$AA@ 00405cd4     TradeMultiTest.obj
 0002:00000ce4       ??_C@_0L@INIDHKMP@?$DO?5?N?$LE?$LF?G?B?$LM?5?$CB?$AA@ 00405ce4     TradeMultiTest.obj
 0002:00000cf0       ??_C@_01MNNFJEPP@?$DM?$AA@ 00405cf0     TradeMultiTest.obj
 0002:00000cf4       ??_C@_01EEMJAFIK@?6?$AA@   00405cf4     TradeMultiTest.obj
 0002:00000cf8       ??_C@_0L@JLAKNJAI@?$DO?5Logoff?5?$CB?$AA@ 00405cf8     TradeMultiTest.obj
 0002:00000d04       ??_C@_04KLHFOGHG@6?440?$AA@ 00405d04     TradeMultiTest.obj
 0002:00000d0c       ??_C@_07EJJEGDHP@error?$CB?5?$AA@ 00405d0c     TradeMultiTest.obj
 0002:00000d14       ??_C@_0BB@EKELKKLB@?7?50?5?9?5Logon?5?4?4?4?6?$AA@ 00405d14     TradeMultiTest.obj
 0002:00000d28       ??_C@_0BF@ECBLGLOP@?7?$LA?$LE?$LL?X?$LD?$LF?$LM?$PM?$LM?L?P?x?4?4?4?4?4?4?6?$AA@ 00405d28     TradeMultiTest.obj
 0002:00000d40       ??_C@_0L@LELKNDMK@error?3?5?$CFs?6?$AA@ 00405d40     TradeMultiTest.obj
 0002:00000d4c       ??_C@_0L@GCFDBCFD@record?5?$CFd?6?$AA@ 00405d4c     TradeMultiTest.obj
 0002:00000d58       ??_C@_04PHJALBM@?7?$CFs?6?$AA@ 00405d58     TradeMultiTest.obj
 0002:00000d60       ??_C@_05KKCIMGE@error?$AA@ 00405d60     TradeMultiTest.obj
 0002:00000d68       ??_C@_0BD@OLBABOEK@vector?$DMT?$DO?5too?5long?$AA@ 00405d68     TradeMultiTest.obj
 0002:00000d80       ??_C@_0EI@FLLBONIL@?7?$CK?$CK?$CK?$CK?$CK?$CK?$CK?$CK?$CK?$CK?$CK?$CK?$CK?$CK?$CK?$CK?$CK?$CK?$CK?$CK?$CK?$CK?$CK?$CK?$CK?$CK?$CK?$CK?$CK?$CK?$CK@ 00405d80     TradeXDemo-M.obj
 0002:00000dc8       ??_C@_0EI@IFLECPIO@?7?$CK?5?5?5?5?5?5?5?5?5?5?5?5?5?5?5?5?5?5?5?5?5?5?5?5?5?5?5?5?5?5@ 00405dc8     TradeXDemo-M.obj
 0002:00000e10       ??_C@_0EI@BABABJGJ@?7?$CK?5?5?5?5?5?5?5?5?5?5?5?5?5?5?5?5?5?5?5?5?5?5?5?5?5?5?5?5?5?5@ 00405e10     TradeXDemo-M.obj
 0002:00000e58       ??_C@_0EI@PMABLHGF@?7?$CK?5?5TradeX?5?$LJ?I?F?$LB?$LD?L?P?r?$LN?$LL?R?W?$LN?S?$LP?Z?H?$KL?P?B?$LH@ 00405e58     TradeXDemo-M.obj
 0002:00000ea0       ??_C@_0EI@KJLLBKKK@?7?$CK?5?5?$LA?f?$LB?$LO?C?h?J?v?$KD?$LK?5?5?5?5?5?5?5?5?5?5?5?5?5?5?5?5?5?5@ 00405ea0     TradeXDemo-M.obj
 0002:00000ee8       ??_C@_0EI@FPKDDNCH@?7?$CK?5?51?$KD?$KJ?V?$KH?$LD?V?F?U?M?$KI?U?K?$LL?$KH?1?H?Z?W?J?H?Z?H?$KP?P?E?S?C@ 00405ee8     TradeXDemo-M.obj
 0002:00000f30       ??_C@_0EI@FMGBGPMB@?7?$CK?5?5?5?$LK?M?C?b?E?d?V?C?R?$LL?$LM?$PM?$LE?r?P?B?$LJ?$KG?D?$NM?$KD?$LL?$LN?b?$LO?v?A@ 00405f30     TradeXDemo-M.obj
 0002:00000f78       ??_C@_0EI@CHAAKADG@?7?$CK?5?52?$KD?$KJ?V?$KH?$LD?V?E?z?A?$LP?$LG?$OA?A?$KM?$LN?S?O?B?$LF?$KF?$LK?M?$LG?$OA?U?K?$LL@ 00405f78     TradeXDemo-M.obj
 0002:00000fc0       ??_C@_0EI@MOONMLCH@?7?$CK?5?53?$KD?$KJ?V?$KH?$LD?V?$LJ?I?F?$LB?$LF?D?F?U?M?$KI?P?P?G?i?$KB?$KCLevel@ 00405fc0     TradeXDemo-M.obj
 0002:00001008       ??_C@_0EI@KDJJKDIM@?7?$CK?5?5?5?T?J?P?m?M?$KM?J?$LB?E?z?A?$LP?$LG?$OA?A?$KM?$LN?S?H?$KB?P?P?G?i?$KD?$LL?5@ 00406008     TradeXDemo-M.obj
 0002:00001050       ??_C@_0EI@FDHIJLDP@?7?$CK?5?54?$KD?$KJ?V?$LB?A?$KM?$LN?$LL?R?W?$LH?$PO?N?q?F?w?$LK?M?P?P?G?i?$LH?$PO?N?q?F@ 00406050     TradeXDemo-M.obj
 0002:00001098       ??_C@_0EI@ICGNKMNJ@?7?$CK?5?55?$KD?$KJ?V?$KH?$LD?VC?$CL?$CL?$KD?$KMC?$CD?$KD?$KMPython?$KD?$KMDelp@ 00406098     TradeXDemo-M.obj
 0002:000010e0       ??_C@_0EI@HPKLMONG@?7?$CK?5?56?$KD?$KJ?M?j?C?$MA?$LM?f?H?$NNtrade?4dll?$KD?$KM?$LN?b?$LO?v?A?K@ 004060e0     TradeXDemo-M.obj
 0002:00001128       ??_C@_0EI@CIICHJKC@?7?$CK?5?5?$LM?$LM?J?uQQ?H?$LK?$KD?$LK318139137?5?5QQ?$KD?$LK304@ 00406128     TradeXDemo-M.obj
 0002:00001170       ??_C@_0EI@EBGLGACD@?7?$CK?5?5?$LM?$LM?J?u?J?W?R?$LD?$KD?$LKhttps?3?1?1tradexdll?4@ 00406170     TradeXDemo-M.obj
 0002:000011b8       ??_C@_0EI@CJFNHDDH@?7?$CK?5?5http?3?1?1pan?4baidu?4com?1s?11jIjY@ 004061b8     TradeXDemo-M.obj
 0002:00001200       ??_C@_0BE@IBPGEPME@?$LA?$LE?$LL?X?$LD?$LF?$LM?$PM?$LN?x?P?P?$LC?b?J?T?4?4?4?$AA@ 00406200     TradeXDemo-M.obj
 0002:00001214       ??_C@_0BO@JKJOJDEJ@?$LC?b?J?T?$LN?$LL?R?WAPI?0?5?$LA?$LE?$LL?X?$LD?$LF?$LM?$PM?$LM?L?P?x?4?4?4?6?$AA@ 00406214     TradeXDemo-M.obj
 0002:00001234       ??_C@_0M@MIFNNDCE@?$LC?b?J?T?$LN?a?J?x?$CB?$CB?$CB?$AA@ 00406234     TradeXDemo-M.obj
 0002:00001240       ??_C@_0BO@CCHIJGCC@?$LC?b?J?T?P?P?G?iAPI?0?5?$LA?$LE?$LL?X?$LD?$LF?$LM?$PM?$LM?L?P?x?4?4?4?6?$AA@ 00406240     TradeXDemo-M.obj
 0002:00001260       ??_C@_0N@DODAMOEI@218?475?4126?49?$AA@ 00406260     TradeXDemo-M.obj
 0002:00001270       ??_C@_0CC@NDCIEAJC@?$LC?b?J?T?$MA?$KJ?U?$LJ?P?P?G?iAPI?0?5?$LA?$LE?$LL?X?$LD?$LF?$LM?$PM?$LM?L?P?x?4?4?4@ 00406270     TradeXDemo-M.obj
 0002:00001294       ??_C@_0O@MGFALGKE@59?4175?4238?438?$AA@ 00406294     TradeXDemo-M.obj
 0002:000012a4       ??_C@_0CA@FGFFCNJN@?$LC?b?J?TL2?P?P?G?iAPI?0?5?$LA?$LE?$LL?X?$LD?$LF?$LM?$PM?$LM?L?P?x?4?4?4?6?$AA@ 004062a4     TradeXDemo-M.obj
 0002:000012c8       __load_config_used         004062c8     MSVCRT:loadcfg.obj
 0002:00001388       ??_R4type_info@@6B@        00406388     MSVCRT:ti_inst.obj
 0002:0000139c       ??_R3type_info@@8          0040639c     MSVCRT:ti_inst.obj
 0002:000013ac       ??_R2type_info@@8          004063ac     MSVCRT:ti_inst.obj
 0002:000013b4       ??_R1A@?0A@EA@type_info@@8 004063b4     MSVCRT:ti_inst.obj
 0002:000013d0       ??_R2_System_error_category@std@@8 004063d0     ExHqBatchTest.obj
 0002:000013e0       ??_R2_Iostream_error_category@std@@8 004063e0     ExHqBatchTest.obj
 0002:000013f0       ??_R2_Generic_error_category@std@@8 004063f0     ExHqBatchTest.obj
 0002:000013fc       ??_R2error_category@std@@8 004063fc     ExHqBatchTest.obj
 0002:00001404       ??_R1A@?0A@EA@_System_error_category@std@@8 00406404     ExHqBatchTest.obj
 0002:00001420       ??_R1A@?0A@EA@_Iostream_error_category@std@@8 00406420     ExHqBatchTest.obj
 0002:0000143c       ??_R1A@?0A@EA@_Generic_error_category@std@@8 0040643c     ExHqBatchTest.obj
 0002:00001458       ??_R1A@?0A@EA@error_category@std@@8 00406458     ExHqBatchTest.obj
 0002:00001474       ??_R3_System_error_category@std@@8 00406474     ExHqBatchTest.obj
 0002:00001484       ??_R3_Iostream_error_category@std@@8 00406484     ExHqBatchTest.obj
 0002:00001494       ??_R3_Generic_error_category@std@@8 00406494     ExHqBatchTest.obj
 0002:000014a4       ??_R3error_category@std@@8 004064a4     ExHqBatchTest.obj
 0002:000014b4       ??_R4_System_error_category@std@@6B@ 004064b4     ExHqBatchTest.obj
 0002:000014c8       ??_R4_Iostream_error_category@std@@6B@ 004064c8     ExHqBatchTest.obj
 0002:000014dc       ??_R4_Generic_error_category@std@@6B@ 004064dc     ExHqBatchTest.obj
 0002:000014f0       ??_R4error_category@std@@6B@ 004064f0     ExHqBatchTest.obj
 0002:00001510       ___safe_se_handler_table   00406510     <linker-defined>
 0002:00001538       ___rtc_iaa                 00406538     MSVCRT:initsect.obj
 0002:0000153c       ___rtc_izz                 0040653c     MSVCRT:initsect.obj
 0002:00001540       ___rtc_taa                 00406540     MSVCRT:initsect.obj
 0002:00001544       ___rtc_tzz                 00406544     MSVCRT:initsect.obj
 0002:000015e4       __CTA2?AVbad_cast@std@@    004065e4     L2HqTest.obj
 0002:000015f0       __CT??_R0?AVbad_cast@std@@@8??0bad_cast@std@@QAE@ABV01@@Z12 004065f0     L2HqTest.obj
 0002:0000160c       __TI2?AVbad_cast@std@@     0040660c     L2HqTest.obj
 0002:0000161c       __CT??_R0?AVexception@std@@@8??0exception@std@@QAE@ABV01@@Z12 0040661c     L2HqTest.obj
 0002:00001910       __IMPORT_DESCRIPTOR_TradeX2-M 00406910     TradeX2-M:TradeX2-M.dll
 0002:00001924       __IMPORT_DESCRIPTOR_MSVCP110 00406924     msvcprt:MSVCP110.dll
 0002:00001938       __IMPORT_DESCRIPTOR_MSVCR110 00406938     MSVCRT:MSVCR110.dll
 0002:0000194c       __IMPORT_DESCRIPTOR_KERNEL32 0040694c     kernel32:KERNEL32.dll
 0002:00001960       __NULL_IMPORT_DESCRIPTOR   00406960     TradeX2-M:TradeX2-M.dll
 0003:00000000       ??_R0?AVtype_info@@@8      00408000     MSVCRT:ti_inst.obj
 0003:00000018       ___security_cookie         00408018     MSVCRT:gs_cookie.obj
 0003:0000001c       ___security_cookie_complement 0040801c     MSVCRT:gs_cookie.obj
 0003:00000020       ___defaultmatherr          00408020     MSVCRT:merr.obj
 0003:00000024       ___globallocalestatus      00408024     MSVCRT:xthdloc.obj
 0003:00000028       ___native_dllmain_reason   00408028     MSVCRT:natstart.obj
 0003:0000002c       ??_R0?AV_System_error_category@std@@@8 0040802c     ExHqBatchTest.obj
 0003:00000058       ??_R0?AV_Iostream_error_category@std@@@8 00408058     ExHqBatchTest.obj
 0003:00000084       ??_R0?AV_Generic_error_category@std@@@8 00408084     ExHqBatchTest.obj
 0003:000000b0       ??_R0?AVerror_category@std@@@8 004080b0     ExHqBatchTest.obj
 0003:000000d4       ??_R0?AVbad_cast@std@@@8   004080d4     L2HqTest.obj
 0003:000000f0       ?L2HostArray@@3PAUstL2Host@@A 004080f0     L2HqTest.obj
 0003:000001ec       ??_R0?AVexception@std@@@8  004081ec     L2HqTest.obj
 0003:00000208       ?_Generic_object@?$_Error_objects@H@std@@2V_Generic_error_category@2@A 00408208     ExHqBatchTest.obj
 0003:0000020c       ?_Iostream_object@?$_Error_objects@H@std@@2V_Iostream_error_category@2@A 0040820c     ExHqBatchTest.obj
 0003:00000210       ?_System_object@?$_Error_objects@H@std@@2V_System_error_category@2@A 00408210     ExHqBatchTest.obj
 0003:00000568       __commode                  00408568     MSVCRT:xncommod.obj
 0003:0000056c       __dowildcard               0040856c     MSVCRT:wildcard.obj
 0003:00000570       __newmode                  00408570     MSVCRT:_newmode.obj
 0003:00000574       __fmode                    00408574     MSVCRT:xtxtmode.obj
 0003:00000578       ?_Psave@?$_Facetptr@V?$ctype@D@std@@@std@@2PBVfacet@locale@2@B 00408578     L2HqTest.obj
 0003:0000057c       ___@@_PchSym_@00@UhglxpgizwviUhixUtrgsfyPivkUhgpulivxzhgUgizwvcUgnkUhgwzucOlyq@D5CE631358076418 0040857c     stdafx.obj
 0003:00000580       ?g_szErrInfo@@3PADA        00408580     TradeMultiTest.obj
 0003:00000688       ?a0@@3VCAccountInfo@@A     00408688     TradeMultiTest.obj
 0003:00000728       ?a1@@3VCAccountInfo@@A     00408728     TradeMultiTest.obj
 0003:000007c8       ?a2@@3VCAccountInfo@@A     004087c8     TradeMultiTest.obj
 0003:00000868       ?a3@@3VCAccountInfo@@A     00408868     TradeMultiTest.obj
 0003:00000904       ?id@?$num_put@DV?$back_insert_iterator@V?$basic_string@DU?$char_traits@D@std@@V?$allocator@D@2@@std@@@std@@@std@@2V0locale@2@A 00408904     L2HqTest.obj
 0003:00000908       ?id@?$num_put@_WV?$back_insert_iterator@V?$basic_string@_WU?$char_traits@_W@std@@V?$allocator@_W@2@@std@@@std@@@std@@2V0locale@2@A 00408908     L2HqTest.obj
 0003:0000090c       ___native_startup_lock     0040890c     <common>
 0003:00000910       ___native_startup_state    00408910     <common>
 0003:00000914       ___dyn_tls_init_callback   00408914     <common>
 0003:00000918       ___onexitend               00408918     <common>
 0003:0000091c       ___onexitbegin             0040891c     <common>

 entry point at        0001:00003637

 Static symbols

 0000:ffff4000       .debug$S                   00400000     TradeX2-M:TradeX2-M.dll
 0000:ffff4000       .debug$S                   00400000     MSVCRT:MSVCR110.dll
 0000:ffff4000       .debug$S                   00400000     MSVCRT:MSVCR110.dll
 0000:ffff4000       .debug$S                   00400000     MSVCRT:MSVCR110.dll
 0000:ffff4000       .debug$S                   00400000     MSVCRT:MSVCR110.dll
 0000:ffff4000       .debug$S                   00400000     MSVCRT:MSVCR110.dll
 0000:ffff4000       .debug$S                   00400000     MSVCRT:MSVCR110.dll
 0000:ffff4000       .debug$S                   00400000     MSVCRT:MSVCR110.dll
 0000:ffff4000       .debug$S                   00400000     MSVCRT:MSVCR110.dll
 0000:ffff4000       .debug$S                   00400000     MSVCRT:MSVCR110.dll
 0000:ffff4000       .debug$S                   00400000     MSVCRT:MSVCR110.dll
 0000:ffff4000       .debug$S                   00400000     MSVCRT:MSVCR110.dll
 0000:ffff4000       .debug$S                   00400000     MSVCRT:MSVCR110.dll
 0000:ffff4000       .debug$S                   00400000     MSVCRT:MSVCR110.dll
 0000:ffff4000       .debug$S                   00400000     MSVCRT:MSVCR110.dll
 0000:ffff4000       .debug$S                   00400000     MSVCRT:MSVCR110.dll
 0000:ffff4000       .debug$S                   00400000     MSVCRT:MSVCR110.dll
 0000:ffff4000       .debug$S                   00400000     MSVCRT:MSVCR110.dll
 0000:ffff4000       .debug$S                   00400000     MSVCRT:MSVCR110.dll
 0000:ffff4000       .debug$S                   00400000     MSVCRT:MSVCR110.dll
 0000:ffff4000       .debug$S                   00400000     MSVCRT:MSVCR110.dll
 0000:ffff4000       .debug$S                   00400000     MSVCRT:MSVCR110.dll
 0000:ffff4000       .debug$S                   00400000     MSVCRT:MSVCR110.dll
 0000:ffff4000       .debug$S                   00400000     MSVCRT:MSVCR110.dll
 0000:ffff4000       .debug$S                   00400000     MSVCRT:MSVCR110.dll
 0000:ffff4000       .debug$S                   00400000     MSVCRT:MSVCR110.dll
 0000:ffff4000       .debug$S                   00400000     MSVCRT:MSVCR110.dll
 0000:ffff4000       .debug$S                   00400000     MSVCRT:MSVCR110.dll
 0000:ffff4000       .debug$S                   00400000     MSVCRT:MSVCR110.dll
 0000:ffff4000       .debug$S                   00400000     MSVCRT:MSVCR110.dll
 0000:ffff4000       .debug$S                   00400000     MSVCRT:MSVCR110.dll
 0000:ffff4000       .debug$S                   00400000     MSVCRT:MSVCR110.dll
 0000:ffff4000       .debug$S                   00400000     MSVCRT:MSVCR110.dll
 0000:ffff4000       .debug$S                   00400000     MSVCRT:MSVCR110.dll
 0000:ffff4000       .debug$S                   00400000     MSVCRT:MSVCR110.dll
 0000:ffff4000       .debug$S                   00400000     MSVCRT:MSVCR110.dll
 0000:ffff4000       .debug$S                   00400000     MSVCRT:MSVCR110.dll
 0000:ffff4000       .debug$S                   00400000     MSVCRT:MSVCR110.dll
 0000:ffff4000       .debug$S                   00400000     MSVCRT:MSVCR110.dll
 0000:ffff4000       .debug$S                   00400000     MSVCRT:MSVCR110.dll
 0000:ffff4000       .debug$S                   00400000     MSVCRT:MSVCR110.dll
 0000:ffff4000       .debug$S                   00400000     MSVCRT:MSVCR110.dll
 0000:ffff4000       .debug$S                   00400000     MSVCRT:MSVCR110.dll
 0000:ffff4000       .debug$S                   00400000     MSVCRT:MSVCR110.dll
 0000:ffff4000       .debug$S                   00400000     MSVCRT:MSVCR110.dll
 0000:ffff4000       .debug$S                   00400000     MSVCRT:MSVCR110.dll
 0000:ffff4000       .debug$S                   00400000     MSVCRT:MSVCR110.dll
 0000:ffff4000       .debug$S                   00400000     msvcprt:MSVCP110.dll
 0000:ffff4000       .debug$S                   00400000     msvcprt:MSVCP110.dll
 0000:ffff4000       .debug$S                   00400000     msvcprt:MSVCP110.dll
 0000:ffff4000       .debug$S                   00400000     msvcprt:MSVCP110.dll
 0000:ffff4000       .debug$S                   00400000     msvcprt:MSVCP110.dll
 0000:ffff4000       .debug$S                   00400000     msvcprt:MSVCP110.dll
 0000:ffff4000       .debug$S                   00400000     msvcprt:MSVCP110.dll
 0000:ffff4000       .debug$S                   00400000     msvcprt:MSVCP110.dll
 0000:ffff4000       .debug$S                   00400000     msvcprt:MSVCP110.dll
 0000:ffff4000       .debug$S                   00400000     msvcprt:MSVCP110.dll
 0000:ffff4000       .debug$S                   00400000     msvcprt:MSVCP110.dll
 0000:ffff4000       .debug$S                   00400000     msvcprt:MSVCP110.dll
 0000:ffff4000       .debug$S                   00400000     msvcprt:MSVCP110.dll
 0000:ffff4000       .debug$S                   00400000     msvcprt:MSVCP110.dll
 0000:ffff4000       .debug$S                   00400000     msvcprt:MSVCP110.dll
 0000:ffff4000       .debug$S                   00400000     msvcprt:MSVCP110.dll
 0000:ffff4000       .debug$S                   00400000     msvcprt:MSVCP110.dll
 0000:ffff4000       .debug$S                   00400000     msvcprt:MSVCP110.dll
 0000:ffff4000       .debug$S                   00400000     msvcprt:MSVCP110.dll
 0000:ffff4000       .debug$S                   00400000     msvcprt:MSVCP110.dll
 0000:ffff4000       .debug$S                   00400000     msvcprt:MSVCP110.dll
 0000:ffff4000       .debug$S                   00400000     msvcprt:MSVCP110.dll
 0000:ffff4000       .debug$S                   00400000     msvcprt:MSVCP110.dll
 0000:ffff4000       .debug$S                   00400000     msvcprt:MSVCP110.dll
 0000:ffff4000       .debug$S                   00400000     msvcprt:MSVCP110.dll
 0000:ffff4000       .debug$S                   00400000     msvcprt:MSVCP110.dll
 0000:ffff4000       .debug$S                   00400000     msvcprt:MSVCP110.dll
 0000:ffff4000       .debug$S                   00400000     msvcprt:MSVCP110.dll
 0000:ffff4000       .debug$S                   00400000     msvcprt:MSVCP110.dll
 0000:ffff4000       .debug$S                   00400000     msvcprt:MSVCP110.dll
 0000:ffff4000       .debug$S                   00400000     msvcprt:MSVCP110.dll
 0000:ffff4000       .debug$S                   00400000     msvcprt:MSVCP110.dll
 0000:ffff4000       .debug$S                   00400000     msvcprt:MSVCP110.dll
 0000:ffff4000       .debug$S                   00400000     msvcprt:MSVCP110.dll
 0000:ffff4000       .debug$S                   00400000     msvcprt:MSVCP110.dll
 0000:ffff4000       .debug$S                   00400000     msvcprt:MSVCP110.dll
 0000:ffff4000       .debug$S                   00400000     msvcprt:MSVCP110.dll
 0000:ffff4000       .debug$S                   00400000     msvcprt:MSVCP110.dll
 0000:ffff4000       .debug$S                   00400000     msvcprt:MSVCP110.dll
 0000:ffff4000       .debug$S                   00400000     msvcprt:MSVCP110.dll
 0000:ffff4000       .debug$S                   00400000     msvcprt:MSVCP110.dll
 0000:ffff4000       .debug$S                   00400000     msvcprt:MSVCP110.dll
 0000:ffff4000       .debug$S                   00400000     kernel32:KERNEL32.dll
 0000:ffff4000       .debug$S                   00400000     kernel32:KERNEL32.dll
 0000:ffff4000       .debug$S                   00400000     kernel32:KERNEL32.dll
 0000:ffff4000       .debug$S                   00400000     kernel32:KERNEL32.dll
 0000:ffff4000       .debug$S                   00400000     kernel32:KERNEL32.dll
 0000:ffff4000       .debug$S                   00400000     kernel32:KERNEL32.dll
 0000:ffff4000       .debug$S                   00400000     kernel32:KERNEL32.dll
 0000:ffff4000       .debug$S                   00400000     kernel32:KERNEL32.dll
 0000:ffff4000       .debug$S                   00400000     TradeX2-M:TradeX2-M.dll
 0000:ffff4000       .debug$S                   00400000     TradeX2-M:TradeX2-M.dll
 0000:ffff4000       .debug$S                   00400000     TradeX2-M:TradeX2-M.dll
 0000:ffff4000       .debug$S                   00400000     TradeX2-M:TradeX2-M.dll
 0000:ffff4000       .debug$S                   00400000     TradeX2-M:TradeX2-M.dll
 0000:ffff4000       .debug$S                   00400000     TradeX2-M:TradeX2-M.dll
 0000:ffff4000       .debug$S                   00400000     TradeX2-M:TradeX2-M.dll
 0000:ffff4000       .debug$S                   00400000     TradeX2-M:TradeX2-M.dll
 0000:ffff4000       .debug$S                   00400000     TradeX2-M:TradeX2-M.dll
 0000:ffff4000       .debug$S                   00400000     TradeX2-M:TradeX2-M.dll
 0000:ffff4000       .debug$S                   00400000     TradeX2-M:TradeX2-M.dll
 0000:ffff4000       .debug$S                   00400000     TradeX2-M:TradeX2-M.dll
 0000:ffff4000       .debug$S                   00400000     TradeX2-M:TradeX2-M.dll
 0000:ffff4000       .debug$S                   00400000     TradeX2-M:TradeX2-M.dll
 0000:ffff4000       .debug$S                   00400000     TradeX2-M:TradeX2-M.dll
 0000:ffff4000       .debug$S                   00400000     TradeX2-M:TradeX2-M.dll
 0000:ffff4000       .debug$S                   00400000     TradeX2-M:TradeX2-M.dll
 0000:ffff4000       .debug$S                   00400000     TradeX2-M:TradeX2-M.dll
 0000:ffff4000       .debug$S                   00400000     TradeX2-M:TradeX2-M.dll
 0000:ffff4000       .debug$S                   00400000     TradeX2-M:TradeX2-M.dll
 0000:ffff4000       .debug$S                   00400000     TradeX2-M:TradeX2-M.dll
 0000:ffff4000       .debug$S                   00400000     TradeX2-M:TradeX2-M.dll
 0000:ffff4000       .debug$S                   00400000     TradeX2-M:TradeX2-M.dll
 0000:ffff4000       .debug$S                   00400000     TradeX2-M:TradeX2-M.dll
 0000:ffff4000       .debug$S                   00400000     TradeX2-M:TradeX2-M.dll
 0000:ffff4000       .debug$S                   00400000     TradeX2-M:TradeX2-M.dll
 0000:ffff4000       .debug$S                   00400000     TradeX2-M:TradeX2-M.dll
 0000:ffff4000       .debug$S                   00400000     TradeX2-M:TradeX2-M.dll
 0000:ffff4000       .debug$S                   00400000     TradeX2-M:TradeX2-M.dll
 0000:ffff4000       .debug$S                   00400000     TradeX2-M:TradeX2-M.dll
 0000:ffff4000       .debug$S                   00400000     TradeX2-M:TradeX2-M.dll
 0000:ffff4000       .debug$S                   00400000     TradeX2-M:TradeX2-M.dll
 0000:ffff4000       .debug$S                   00400000     TradeX2-M:TradeX2-M.dll
 0000:ffff4000       .debug$S                   00400000     TradeX2-M:TradeX2-M.dll
 0000:ffff4000       .debug$S                   00400000     TradeX2-M:TradeX2-M.dll
 0000:ffff4000       .debug$S                   00400000     TradeX2-M:TradeX2-M.dll
 0000:ffff4000       .debug$S                   00400000     TradeX2-M:TradeX2-M.dll
 0000:ffff4000       .debug$S                   00400000     TradeX2-M:TradeX2-M.dll
 0000:ffff4000       .debug$S                   00400000     TradeX2-M:TradeX2-M.dll
 0000:ffff4000       .debug$S                   00400000     TradeX2-M:TradeX2-M.dll
 0000:ffff4000       .debug$S                   00400000     TradeX2-M:TradeX2-M.dll
 0000:ffff4000       .debug$S                   00400000     MSVCRT:MSVCR110.dll
 0000:ffff4000       .debug$S                   00400000     TradeX2-M:TradeX2-M.dll
 0000:ffff4000       .debug$S                   00400000     TradeX2-M:TradeX2-M.dll
 0000:ffff4000       .debug$S                   00400000     TradeX2-M:TradeX2-M.dll
 0000:ffff4000       .debug$S                   00400000     TradeX2-M:TradeX2-M.dll
 0001:00000827       __catch$?_Copy@?$basic_string@DU?$char_traits@D@std@@V?$allocator@D@2@@std@@QAEXII@Z$0 00401827 f i * CIL library *:* CIL module *
 0001:00000861       __catch$?_Copy@?$basic_string@DU?$char_traits@D@std@@V?$allocator@D@2@@std@@QAEXII@Z$1 00401861 f i * CIL library *:* CIL module *
 0001:000033ce       _pre_c_init                004043ce f   MSVCRT:crtexe.obj
 0001:00003487       _pre_cpp_init              00404487 f   MSVCRT:crtexe.obj
 0001:000034d2       ___tmainCRTStartup         004044d2 f   MSVCRT:crtexe.obj
 0001:00003860       $$000000                   00404860     MSVCRT:sehprolg4.obj
 0001:00003be0       __unwindfunclet$??$?6U?$char_traits@D@std@@@std@@YAAAV?$basic_ostream@DU?$char_traits@D@std@@@0@AAV10@PBD@Z$3 00404be0 f   * CIL library *:* CIL module *
 0001:00003be8       __unwindfunclet$??$?6U?$char_traits@D@std@@@std@@YAAAV?$basic_ostream@DU?$char_traits@D@std@@@0@AAV10@PBD@Z$2 00404be8 f   * CIL library *:* CIL module *
 0001:00003bf0       __ehhandler$??$?6U?$char_traits@D@std@@@std@@YAAAV?$basic_ostream@DU?$char_traits@D@std@@@0@AAV10@PBD@Z 00404bf0 f   * CIL library *:* CIL module *
 0001:00003c10       __ehhandler$?_Copy@?$basic_string@DU?$char_traits@D@std@@V?$allocator@D@2@@std@@QAEXII@Z 00404c10 f   * CIL library *:* CIL module *
 0001:00003c30       __unwindfunclet$??$?5DU?$char_traits@D@std@@@std@@YAAAV?$basic_istream@DU?$char_traits@D@std@@@0@AAV10@PAD@Z$4 00404c30 f   * CIL library *:* CIL module *
 0001:00003c38       __unwindfunclet$??$?5DU?$char_traits@D@std@@@std@@YAAAV?$basic_istream@DU?$char_traits@D@std@@@0@AAV10@PAD@Z$2 00404c38 f   * CIL library *:* CIL module *
 0001:00003c40       __unwindfunclet$??$?5DU?$char_traits@D@std@@@std@@YAAAV?$basic_istream@DU?$char_traits@D@std@@@0@AAV10@PAD@Z$3 00404c40 f   * CIL library *:* CIL module *
 0001:00003c48       __ehhandler$??$?5DU?$char_traits@D@std@@@std@@YAAAV?$basic_istream@DU?$char_traits@D@std@@@0@AAV10@PAD@Z 00404c48 f   * CIL library *:* CIL module *
 0001:00003c70       __unwindfunclet$??$use_facet@V?$ctype@D@std@@@std@@YAABV?$ctype@D@0@ABVlocale@0@@Z$0 00404c70 f   * CIL library *:* CIL module *
 0001:00003c79       __ehhandler$??$use_facet@V?$ctype@D@std@@@std@@YAABV?$ctype@D@0@ABVlocale@0@@Z 00404c79 f   * CIL library *:* CIL module *
 0001:00003ca0       __unwindfunclet$??$?6DU?$char_traits@D@std@@V?$allocator@D@1@@std@@YAAAV?$basic_ostream@DU?$char_traits@D@std@@@0@AAV10@ABV?$basic_string@DU?$char_traits@D@std@@V?$allocator@D@2@@0@@Z$3 00404ca0 f   * CIL library *:* CIL module *
 0001:00003ca8       __unwindfunclet$??$?6DU?$char_traits@D@std@@V?$allocator@D@1@@std@@YAAAV?$basic_ostream@DU?$char_traits@D@std@@@0@AAV10@ABV?$basic_string@DU?$char_traits@D@std@@V?$allocator@D@2@@0@@Z$2 00404ca8 f   * CIL library *:* CIL module *
 0001:00003cb0       __ehhandler$??$?6DU?$char_traits@D@std@@V?$allocator@D@1@@std@@YAAAV?$basic_ostream@DU?$char_traits@D@std@@@0@AAV10@ABV?$basic_string@DU?$char_traits@D@std@@V?$allocator@D@2@@0@@Z 00404cb0 f   * CIL library *:* CIL module *
 0001:00003cd0       __unwindfunclet$??0CAccountInfo@@QAE@HPBDF0FD0000@Z$0 00404cd0 f   * CIL library *:* CIL module *
 0001:00003cdb       __unwindfunclet$??0CAccountInfo@@QAE@HPBDF0FD0000@Z$1 00404cdb f   * CIL library *:* CIL module *
 0001:00003ce6       __unwindfunclet$??0CAccountInfo@@QAE@HPBDF0FD0000@Z$2 00404ce6 f   * CIL library *:* CIL module *
 0001:00003cf1       __unwindfunclet$??0CAccountInfo@@QAE@HPBDF0FD0000@Z$3 00404cf1 f   * CIL library *:* CIL module *
 0001:00003cfc       __unwindfunclet$??0CAccountInfo@@QAE@HPBDF0FD0000@Z$4 00404cfc f   * CIL library *:* CIL module *
 0001:00003d07       __ehhandler$??0CAccountInfo@@QAE@HPBDF0FD0000@Z 00404d07 f   * CIL library *:* CIL module *
 0001:00003d30       __unwindfunclet$??0CTestTdx@@QAE@ABVCAccountInfo@@@Z$0 00404d30 f   * CIL library *:* CIL module *
 0001:00003d3b       __unwindfunclet$??0CTestTdx@@QAE@ABVCAccountInfo@@@Z$1 00404d3b f   * CIL library *:* CIL module *
 0001:00003d46       __unwindfunclet$??0CTestTdx@@QAE@ABVCAccountInfo@@@Z$2 00404d46 f   * CIL library *:* CIL module *
 0001:00003d51       __unwindfunclet$??0CTestTdx@@QAE@ABVCAccountInfo@@@Z$3 00404d51 f   * CIL library *:* CIL module *
 0001:00003d5c       __unwindfunclet$??0CTestTdx@@QAE@ABVCAccountInfo@@@Z$4 00404d5c f   * CIL library *:* CIL module *
 0001:00003d67       __ehhandler$??0CTestTdx@@QAE@ABVCAccountInfo@@@Z 00404d67 f   * CIL library *:* CIL module *
 0001:00003d90       __unwindfunclet$??1CTestTdx@@QAE@XZ$0 00404d90 f   * CIL library *:* CIL module *
 0001:00003d9b       __unwindfunclet$??1CTestTdx@@QAE@XZ$1 00404d9b f   * CIL library *:* CIL module *
 0001:00003da6       __unwindfunclet$??1CTestTdx@@QAE@XZ$2 00404da6 f   * CIL library *:* CIL module *
 0001:00003db1       __unwindfunclet$??1CTestTdx@@QAE@XZ$3 00404db1 f   * CIL library *:* CIL module *
 0001:00003dbc       __unwindfunclet$??1CTestTdx@@QAE@XZ$4 00404dbc f   * CIL library *:* CIL module *
 0001:00003dc7       __unwindfunclet$??1CTestTdx@@QAE@XZ$5 00404dc7 f   * CIL library *:* CIL module *
 0001:00003dd5       __unwindfunclet$??1CTestTdx@@QAE@XZ$6 00404dd5 f   * CIL library *:* CIL module *
 0001:00003de3       __unwindfunclet$??1CTestTdx@@QAE@XZ$7 00404de3 f   * CIL library *:* CIL module *
 0001:00003df1       __ehhandler$??1CTestTdx@@QAE@XZ 00404df1 f   * CIL library *:* CIL module *
 0001:00003e10       __unwindfunclet$?test_trade_multi_funcs@@YAHXZ$0 00404e10 f   * CIL library *:* CIL module *
 0001:00003e18       __unwindfunclet$?test_trade_multi_funcs@@YAHXZ$1 00404e18 f   * CIL library *:* CIL module *
 0001:00003e24       __unwindfunclet$?test_trade_multi_funcs@@YAHXZ$2 00404e24 f   * CIL library *:* CIL module *
 0001:00003e30       __unwindfunclet$?test_trade_multi_funcs@@YAHXZ$3 00404e30 f   * CIL library *:* CIL module *
 0001:00003e3c       __unwindfunclet$?test_trade_multi_funcs@@YAHXZ$4 00404e3c f   * CIL library *:* CIL module *
 0001:00003e48       __ehhandler$?test_trade_multi_funcs@@YAHXZ 00404e48 f   * CIL library *:* CIL module *
 0001:00003e70       ??__E?_Generic_object@?$_Error_objects@H@std@@2V_Generic_error_category@2@A@@YAXXZ 00404e70 f   * CIL library *:* CIL module *
 0001:00003e80       ??__E?_Iostream_object@?$_Error_objects@H@std@@2V_Iostream_error_category@2@A@@YAXXZ 00404e80 f   * CIL library *:* CIL module *
 0001:00003e90       ??__E?_System_object@?$_Error_objects@H@std@@2V_System_error_category@2@A@@YAXXZ 00404e90 f   * CIL library *:* CIL module *
 0001:00003ea0       ??__E?id@?$num_put@DV?$back_insert_iterator@V?$basic_string@DU?$char_traits@D@std@@V?$allocator@D@2@@std@@@std@@@std@@2V0locale@2@A@@YAXXZ 00404ea0 f   * CIL library *:* CIL module *
 0001:00003eb0       ??__E?id@?$num_put@_WV?$back_insert_iterator@V?$basic_string@_WU?$char_traits@_W@std@@V?$allocator@_W@2@@std@@@std@@@std@@2V0locale@2@A@@YAXXZ 00404eb0 f   * CIL library *:* CIL module *
 0001:00003ec0       ??__Ea0@@YAXXZ             00404ec0 f   * CIL library *:* CIL module *
 0001:00003ee0       ??__Ea1@@YAXXZ             00404ee0 f   * CIL library *:* CIL module *
 0001:00003f00       ??__Ea2@@YAXXZ             00404f00 f   * CIL library *:* CIL module *
 0001:00003f20       ??__Ea3@@YAXXZ             00404f20 f   * CIL library *:* CIL module *
 0001:00003f39       ??__E_Fac_tidy_reg@std@@YAXXZ 00404f39 f   msvcprt:locale0_implib.obj
 0001:00003f50       ??__F?_System_object@?$_Error_objects@H@std@@2V_System_error_category@2@A@@YAXXZ 00404f50 f   * CIL library *:* CIL module *
 0001:00003f60       ??__F?_Iostream_object@?$_Error_objects@H@std@@2V_Iostream_error_category@2@A@@YAXXZ 00404f60 f   * CIL library *:* CIL module *
 0001:00003f70       ??__F?_Generic_object@?$_Error_objects@H@std@@2V_Generic_error_category@2@A@@YAXXZ 00404f70 f   * CIL library *:* CIL module *
 0001:00003f80       ??__Fa0@@YAXXZ             00404f80 f   * CIL library *:* CIL module *
 0001:00003f90       ??__Fa1@@YAXXZ             00404f90 f   * CIL library *:* CIL module *
 0001:00003fa0       ??__Fa2@@YAXXZ             00404fa0 f   * CIL library *:* CIL module *
 0001:00003fb0       ??__Fa3@@YAXXZ             00404fb0 f   * CIL library *:* CIL module *
 0001:00003fba       ??__F_Fac_tidy_reg@std@@YAXXZ 00404fba f   msvcprt:locale0_implib.obj
 0002:0000020c       _pcppinit                  0040520c     MSVCRT:crtexe.obj
 0002:00000210       __Fac_tidy_reg$initializer$ 00405210     msvcprt:locale0_implib.obj
 0002:00000214       ?_Generic_object$initializer$@?$_Error_objects@H@std@@2P6AXXZA 00405214     * CIL library *:* CIL module *
 0002:00000218       ?_Iostream_object$initializer$@?$_Error_objects@H@std@@2P6AXXZA 00405218     * CIL library *:* CIL module *
 0002:0000021c       ?_System_object$initializer$@?$_Error_objects@H@std@@2P6AXXZA 0040521c     * CIL library *:* CIL module *
 0002:00000220       ?id$initializer$@?$num_put@DV?$back_insert_iterator@V?$basic_string@DU?$char_traits@D@std@@V?$allocator@D@2@@std@@@std@@@std@@2P6AXXZA 00405220     * CIL library *:* CIL module *
 0002:00000224       ?id$initializer$@?$num_put@_WV?$back_insert_iterator@V?$basic_string@_WU?$char_traits@_W@std@@V?$allocator@_W@2@@std@@@std@@@std@@2P6AXXZA 00405224     * CIL library *:* CIL module *
 0002:00000228       _a0$initializer$           00405228     * CIL library *:* CIL module *
 0002:0000022c       _a1$initializer$           0040522c     * CIL library *:* CIL module *
 0002:00000230       _a2$initializer$           00405230     * CIL library *:* CIL module *
 0002:00000234       _a3$initializer$           00405234     * CIL library *:* CIL module *
 0002:00000240       _pcinit                    00405240     MSVCRT:crtexe.obj
 0002:00000244       _pinit                     00405244     MSVCRT:atonexit.obj
 0002:00000248       _pinit                     00405248     MSVCRT:crtexe.obj
 0002:00000290       _GS_ExceptionPointers      00405290     MSVCRT:gs_report.obj
 0002:00001548       __sehtable$__onexit        00406548     MSVCRT:atonexit.obj
 0002:00001568       __sehtable$___tmainCRTStartup 00406568     MSVCRT:crtexe.obj
 0002:00001588       __sehtable$??_M@YGXPAXIHP6EX0@Z@Z 00406588     MSVCRT:ehvecdtr.obj
 0002:000015a8       __sehtable$?__ArrayUnwind@@YGXPAXIHP6EX0@Z@Z 004065a8     MSVCRT:ehvecdtr.obj
 0002:000015c8       __sehtable$__IsNonwritableInCurrentImage 004065c8     MSVCRT:pesect.obj
 0002:00001638       __ehfuncinfo$??$?6U?$char_traits@D@std@@@std@@YAAAV?$basic_ostream@DU?$char_traits@D@std@@@0@AAV10@PBD@Z 00406638     * CIL library *:* CIL module *
 0002:0000165c       __unwindtable$??$?6U?$char_traits@D@std@@@std@@YAAAV?$basic_ostream@DU?$char_traits@D@std@@@0@AAV10@PBD@Z 0040665c     * CIL library *:* CIL module *
 0002:0000167c       __ehfuncinfo$?_Copy@?$basic_string@DU?$char_traits@D@std@@V?$allocator@D@2@@std@@QAEXII@Z 0040667c     * CIL library *:* CIL module *
 0002:000016a0       __unwindtable$?_Copy@?$basic_string@DU?$char_traits@D@std@@V?$allocator@D@2@@std@@QAEXII@Z 004066a0     * CIL library *:* CIL module *
 0002:000016c0       __tryblocktable$?_Copy@?$basic_string@DU?$char_traits@D@std@@V?$allocator@D@2@@std@@QAEXII@Z 004066c0     * CIL library *:* CIL module *
 0002:000016e8       __catchsym$?_Copy@?$basic_string@DU?$char_traits@D@std@@V?$allocator@D@2@@std@@QAEXII@Z$4 004066e8     * CIL library *:* CIL module *
 0002:000016f8       __catchsym$?_Copy@?$basic_string@DU?$char_traits@D@std@@V?$allocator@D@2@@std@@QAEXII@Z$5 004066f8     * CIL library *:* CIL module *
 0002:00001708       __ehfuncinfo$??$?5DU?$char_traits@D@std@@@std@@YAAAV?$basic_istream@DU?$char_traits@D@std@@@0@AAV10@PAD@Z 00406708     * CIL library *:* CIL module *
 0002:0000172c       __unwindtable$??$?5DU?$char_traits@D@std@@@std@@YAAAV?$basic_istream@DU?$char_traits@D@std@@@0@AAV10@PAD@Z 0040672c     * CIL library *:* CIL module *
 0002:00001754       __ehfuncinfo$??$use_facet@V?$ctype@D@std@@@std@@YAABV?$ctype@D@0@ABVlocale@0@@Z 00406754     * CIL library *:* CIL module *
 0002:00001778       __unwindtable$??$use_facet@V?$ctype@D@std@@@std@@YAABV?$ctype@D@0@ABVlocale@0@@Z 00406778     * CIL library *:* CIL module *
 0002:00001780       __ehfuncinfo$??$?6DU?$char_traits@D@std@@V?$allocator@D@1@@std@@YAAAV?$basic_ostream@DU?$char_traits@D@std@@@0@AAV10@ABV?$basic_string@DU?$char_traits@D@std@@V?$allocator@D@2@@0@@Z 00406780     * CIL library *:* CIL module *
 0002:000017a4       __unwindtable$??$?6DU?$char_traits@D@std@@V?$allocator@D@1@@std@@YAAAV?$basic_ostream@DU?$char_traits@D@std@@@0@AAV10@ABV?$basic_string@DU?$char_traits@D@std@@V?$allocator@D@2@@0@@Z 004067a4     * CIL library *:* CIL module *
 0002:000017c4       __ehfuncinfo$?test_trade_multi_funcs@@YAHXZ 004067c4     * CIL library *:* CIL module *
 0002:000017e8       __unwindtable$?test_trade_multi_funcs@@YAHXZ 004067e8     * CIL library *:* CIL module *
 0002:00001810       __ehfuncinfo$??1CTestTdx@@QAE@XZ 00406810     * CIL library *:* CIL module *
 0002:00001838       __unwindtable$??1CTestTdx@@QAE@XZ 00406838     * CIL library *:* CIL module *
 0002:00001878       __ehfuncinfo$??0CTestTdx@@QAE@ABVCAccountInfo@@@Z 00406878     * CIL library *:* CIL module *
 0002:0000189c       __unwindtable$??0CTestTdx@@QAE@ABVCAccountInfo@@@Z 0040689c     * CIL library *:* CIL module *
 0002:000018c4       __ehfuncinfo$??0CAccountInfo@@QAE@HPBDF0FD0000@Z 004068c4     * CIL library *:* CIL module *
 0002:000018e8       __unwindtable$??0CAccountInfo@@QAE@HPBDF0FD0000@Z 004068e8     * CIL library *:* CIL module *
 0002:00001fb8       .idata$6                   00406fb8     TradeX2-M:TradeX2-M.dll
 0002:000025de       .idata$6                   004075de     msvcprt:MSVCP110.dll
 0002:000026d8       .idata$6                   004076d8     MSVCRT:MSVCR110.dll
 0002:0000295c       .idata$6                   0040795c     kernel32:KERNEL32.dll
 0003:00000220       __Fac_head                 00408220     msvcprt:locale0_implib.obj
 0003:00000224       __Fac_tidy_reg             00408224     msvcprt:locale0_implib.obj
 0003:00000228       _mainret                   00408228     MSVCRT:crtexe.obj
 0003:0000022c       _has_cctor                 0040822c     MSVCRT:crtexe.obj
 0003:00000230       _argc                      00408230     MSVCRT:crtexe.obj
 0003:00000234       _argv                      00408234     MSVCRT:crtexe.obj
 0003:00000238       _envp                      00408238     MSVCRT:crtexe.obj
 0003:0000023c       _argret                    0040823c     MSVCRT:crtexe.obj
 0003:00000240       _managedapp                00408240     MSVCRT:crtexe.obj
 0003:00000244       _startinfo                 00408244     MSVCRT:crtexe.obj
 0003:00000248       _GS_ExceptionRecord        00408248     MSVCRT:gs_report.obj
 0003:00000298       _GS_ContextRecord          00408298     MSVCRT:gs_report.obj
 0003:00000564       _DebuggerWasPresent        00408564     MSVCRT:gs_report.obj
 0003:00000680       _piecewise_construct       00408680     * CIL library *:* CIL module *
 0003:00000681       _allocator_arg             00408681     * CIL library *:* CIL module *
 0003:00000682       _piecewise_construct       00408682     * CIL library *:* CIL module *
 0003:00000683       _allocator_arg             00408683     * CIL library *:* CIL module *
 0003:00000684       _piecewise_construct       00408684     * CIL library *:* CIL module *
 0003:00000685       _allocator_arg             00408685     * CIL library *:* CIL module *
 0003:00000686       _piecewise_construct       00408686     * CIL library *:* CIL module *
 0003:00000687       _allocator_arg             00408687     * CIL library *:* CIL module *
 0003:00000724       _piecewise_construct       00408724     * CIL library *:* CIL module *
 0003:00000725       _allocator_arg             00408725     * CIL library *:* CIL module *
 0004:00000060       $R000000                   00409060     * linker generated manifest res *
